BL51 BANKED LINKER/LOCATER V6.22                                                        12/15/2015  16:41:45  PAGE 1


BL51 BANKED LINKER/LOCATER V6.22, INVOKED BY:
C:\KEIL_V5\C51\BIN\BL51.EXE Directory_Functions_struct.obj, File_System_v2.obj, I2C.obj, I2C_test.obj, Long_Serial_In.ob
>> j, Play_Song.obj, print_bytes.obj, Read_Sector.obj, SDCard.obj, SPI.obj, STA013_config.obj, UART.obj, config.obj TO p
>> art5 RAMSIZE (256)


MEMORY MODEL: SMALL


INPUT MODULES INCLUDED:
  Directory_Functions_struct.obj (DIRECTORY_FUNCTIONS_STRUCT)
  File_System_v2.obj (FILE_SYSTEM_V2)
  I2C.obj (I2C)
  I2C_test.obj (I2C_TEST)
  Long_Serial_In.obj (LONG_SERIAL_IN)
  Play_Song.obj (PLAY_SONG)
  print_bytes.obj (PRINT_BYTES)
  Read_Sector.obj (READ_SECTOR)
  SDCard.obj (SDCARD)
  SPI.obj (SPI)
  STA013_config.obj (STA013_CONFIG)
  UART.obj (UART)
  config.obj (CONFIG)
  C:\KEIL_V5\C51\LIB\C51S.LIB (?C_STARTUP)
  C:\KEIL_V5\C51\LIB\C51S.LIB (?C?CLDPTR)
  C:\KEIL_V5\C51\LIB\C51S.LIB (?C?CLDOPTR)
  C:\KEIL_V5\C51\LIB\C51S.LIB (?C?CILDOPTR)
  C:\KEIL_V5\C51\LIB\C51S.LIB (?C?CSTPTR)
  C:\KEIL_V5\C51\LIB\C51S.LIB (?C?CSTOPTR)
  C:\KEIL_V5\C51\LIB\C51S.LIB (?C?UIDIV)
  C:\KEIL_V5\C51\LIB\C51S.LIB (?C?ILDOPTR)
  C:\KEIL_V5\C51\LIB\C51S.LIB (?C?ISTOPTR)
  C:\KEIL_V5\C51\LIB\C51S.LIB (?C?LMUL)
  C:\KEIL_V5\C51\LIB\C51S.LIB (?C?ULDIV)
  C:\KEIL_V5\C51\LIB\C51S.LIB (?C?SLCMP)
  C:\KEIL_V5\C51\LIB\C51S.LIB (?C?ULCMP)
  C:\KEIL_V5\C51\LIB\C51S.LIB (?C?ULSHR)
  C:\KEIL_V5\C51\LIB\C51S.LIB (?C?LSHL)
  C:\KEIL_V5\C51\LIB\C51S.LIB (?C?LLDOPTR)
  C:\KEIL_V5\C51\LIB\C51S.LIB (?C?LSTOPTR)
  C:\KEIL_V5\C51\LIB\C51S.LIB (?C?LLDIDATA)
  C:\KEIL_V5\C51\LIB\C51S.LIB (?C?LLDIDATA0)
  C:\KEIL_V5\C51\LIB\C51S.LIB (?C?LLDOPTR0)
  C:\KEIL_V5\C51\LIB\C51S.LIB (?C?LSTIDATA)
  C:\KEIL_V5\C51\LIB\C51S.LIB (?C?LSTKIDATA)
  C:\KEIL_V5\C51\LIB\C51S.LIB (PUTCHAR)
  C:\KEIL_V5\C51\LIB\C51S.LIB (PRINTF)
  C:\KEIL_V5\C51\LIB\C51S.LIB (GETCHAR)
  C:\KEIL_V5\C51\LIB\C51S.LIB (ATOL)
  C:\KEIL_V5\C51\LIB\C51S.LIB (?C?LNEG)
  C:\KEIL_V5\C51\LIB\C51S.LIB (?C?LLDXDATA)
  C:\KEIL_V5\C51\LIB\C51S.LIB (?C?LLDPDATA)
  C:\KEIL_V5\C51\LIB\C51S.LIB (?C?LLDCODE)
  C:\KEIL_V5\C51\LIB\C51S.LIB (?C?LLDXDATA0)
  C:\KEIL_V5\C51\LIB\C51S.LIB (?C?LLDPDATA0)
  C:\KEIL_V5\C51\LIB\C51S.LIB (?C?LLDCODE0)
  C:\KEIL_V5\C51\LIB\C51S.LIB (?C?LSTXDATA)
  C:\KEIL_V5\C51\LIB\C51S.LIB (?C?LSTPDATA)
BL51 BANKED LINKER/LOCATER V6.22                                                      12/15/2015  16:41:45  PAGE 2


  C:\KEIL_V5\C51\LIB\C51S.LIB (?C?PLDIIDATA)
  C:\KEIL_V5\C51\LIB\C51S.LIB (?C?CCASE)
  C:\KEIL_V5\C51\LIB\C51S.LIB (_GETKEY)
  C:\KEIL_V5\C51\LIB\C51S.LIB (ISDIGIT)
  C:\KEIL_V5\C51\LIB\C51S.LIB (ISSPACE)


LINK MAP OF MODULE:  part5 (DIRECTORY_FUNCTIONS_STRUCT)


            TYPE    BASE      LENGTH    RELOCATION   SEGMENT NAME
            -----------------------------------------------------

            * * * * * * *   D A T A   M E M O R Y   * * * * * * *
            REG     0000H     0008H     ABSOLUTE     "REG BANK 0"
            DATA    0008H     0001H     UNIT         ?DT?GETCHAR
            IDATA   0009H     0016H     UNIT         ?ID?DIRECTORY_FUNCTIONS_STRUCT
            IDATA   001FH     0001H     UNIT         ?ID?SDCARD
            BIT     0020H.0   0001H.1   UNIT         _BIT_GROUP_
            BIT     0021H.1   0000H.1   UNIT         ?BI?GETCHAR
                    0021H.2   0000H.6                *** GAP ***
            DATA    0022H     0053H     UNIT         _DATA_GROUP_
            IDATA   0075H     0031H     UNIT         _IDATA_GROUP_
            IDATA   00A6H     0013H     UNIT         ?ID?PLAY_SONG
            IDATA   00B9H     0001H     UNIT         ?STACK

            * * * * * * *  X D A T A   M E M O R Y  * * * * * * *
            XDATA   0000H     0400H     UNIT         ?XD?I2C_TEST

            * * * * * * *   C O D E   M E M O R Y   * * * * * * *
            CODE    0000H     0003H     ABSOLUTE     
            CODE    0003H     0027H     UNIT         ?PR?PUTCHAR?PUTCHAR
                    002AH     0001H                  *** GAP ***
            CODE    002BH     0003H     ABSOLUTE     
            CODE    002EH     0FD0H     UNIT         STA013_CONFIG
            CODE    0FFEH     0440H     UNIT         ?C?LIB_CODE
            CODE    143EH     0395H     UNIT         ?PR?_MOUNT_DRIVE?FILE_SYSTEM_V2
            CODE    17D3H     035CH     UNIT         ?PR?PRINTF?PRINTF
            CODE    1B2FH     034AH     UNIT         ?PR?TIMER2?PLAY_SONG
            CODE    1E79H     032BH     UNIT         ?PR?SD_CARD_INIT?SDCARD
            CODE    21A4H     027AH     UNIT         ?PR?_READ_DIR_ENTRY?DIRECTORY_FUNCTIONS_STRUCT
            CODE    241EH     0260H     UNIT         ?PR?STA013_INIT?STA013_CONFIG
            CODE    267EH     0200H     UNIT         ?PR?_PRINT_DIRECTORY?DIRECTORY_FUNCTIONS_STRUCT
            CODE    287EH     01F0H     UNIT         ?CO?SDCARD
            CODE    2A6EH     0185H     UNIT         ?PR?MAIN?I2C_TEST
            CODE    2BF3H     0125H     UNIT         ?PR?_SEND_COMMAND_ISR?SDCARD
            CODE    2D18H     011CH     UNIT         ?PR?_READ_BLOCK_ISR?SDCARD
            CODE    2E34H     0118H     UNIT         ?PR?_I2C_READ?I2C
            CODE    2F4CH     0112H     UNIT         ?CO?STA013_CONFIG
            CODE    305EH     010DH     UNIT         ?PR?_PLAY_SONG?PLAY_SONG
            CODE    316BH     0109H     UNIT         ?PR?_FIND_NEXT_CLUS_ISR?FILE_SYSTEM_V2
            CODE    3274H     00FCH     UNIT         ?PR?_SEND_COMMAND?SDCARD
            CODE    3370H     00E7H     UNIT         ?PR?_READ_BLOCK?SDCARD
            CODE    3457H     00DEH     UNIT         ?PR?_ATOL?ATOL
            CODE    3535H     00CDH     UNIT         ?PR?_I2C_WRITE?I2C
            CODE    3602H     00C6H     UNIT         ?PR?LONG_SERIAL_INPUT?LONG_SERIAL_IN
            CODE    36C8H     0092H     UNIT         ?PR?_FIRST_SECTOR?FILE_SYSTEM_V2
BL51 BANKED LINKER/LOCATER V6.22                                                      12/15/2015  16:41:45  PAGE 3


            CODE    375AH     0091H     UNIT         ?PR?_RESPONSE?SDCARD
            CODE    37EBH     008CH     UNIT         ?PR?_SPI_MASTER_INIT?SPI
            CODE    3877H     0088H     UNIT         ?PR?_FIRST_SECTOR_ISR?FILE_SYSTEM_V2
            CODE    38FFH     0077H     UNIT         ?PR?_READ32?FILE_SYSTEM_V2
            CODE    3976H     0075H     UNIT         ?PR?_READ32_ISR?FILE_SYSTEM_V2
            CODE    39EBH     0073H     UNIT         ?CO?I2C_TEST
            CODE    3A5EH     0069H     UNIT         ?CO?FILE_SYSTEM_V2
            CODE    3AC7H     0065H     UNIT         ?PR?_PRINT_ERROR?SDCARD
            CODE    3B2CH     005DH     UNIT         ?PR?_READ16_ISR?FILE_SYSTEM_V2
            CODE    3B89H     0055H     UNIT         ?PR?_READ_SECTOR_ISR?READ_SECTOR
            CODE    3BDEH     0043H     UNIT         ?PR?_READ_SECTOR?READ_SECTOR
            CODE    3C21H     0033H     UNIT         ?PR?_READ16?FILE_SYSTEM_V2
            CODE    3C54H     0031H     UNIT         ?CO?PLAY_SONG
            CODE    3C85H     002EH     UNIT         ?PR?_SPI_TRANSFER?SPI
            CODE    3CB3H     002EH     UNIT         ?PR?_SPI_TRANSFER_ISR?SPI
            CODE    3CE1H     001CH     UNIT         ?PR?_I2C_CLOCK_DELAY?I2C
            CODE    3CFDH     0015H     UNIT         ?PR?_READ8?FILE_SYSTEM_V2
            CODE    3D12H     0014H     UNIT         ?PR?UART_INIT?UART
            CODE    3D26H     0013H     UNIT         ?PR?I2C_CLOCK_START?I2C
            CODE    3D39H     0013H     UNIT         ?PR?_ISSPACE?ISSPACE
            CODE    3D4CH     0011H     UNIT         ?PR?GETCHAR?GETCHAR
            CODE    3D5DH     000FH     UNIT         ?PR?_ISDIGIT?ISDIGIT
            CODE    3D6CH     000DH     UNIT         ?CO?DIRECTORY_FUNCTIONS_STRUCT
            CODE    3D79H     000CH     UNIT         ?C_C51STARTUP
            CODE    3D85H     000AH     UNIT         ?PR?_GETKEY?_GETKEY
            CODE    3D8FH     0007H     UNIT         ?PR?EXPORT_DRIVE_VALUES?DIRECTORY_FUNCTIONS_STRUCT
            CODE    3D96H     0007H     UNIT         ?PR?EXPORT_DRIVE_VALUES_ISR?DIRECTORY_FUNCTIONS_STRUCT
            CODE    3D9DH     0005H     UNIT         ?PR?RETURN_SD_CARD_TYPE?SDCARD



OVERLAY MAP OF MODULE:   part5 (DIRECTORY_FUNCTIONS_STRUCT)


SEGMENT                                             BIT_GROUP          DATA_GROUP          IDATA_GROUP
  +--> CALLED SEGMENT                            START    LENGTH     START    LENGTH     START    LENGTH
--------------------------------------------------------------------------------------------------------
?PR?TIMER2?PLAY_SONG                             -----    -----      -----    -----      -----    -----
  +--> ?PR?_SPI_TRANSFER_ISR?SPI
  +--> ?PR?_READ_SECTOR_ISR?READ_SECTOR
  +--> ?PR?_FIND_NEXT_CLUS_ISR?FILE_SYSTEM_V2
  +--> ?PR?_FIRST_SECTOR_ISR?FILE_SYSTEM_V2

?PR?_READ_SECTOR_ISR?READ_SECTOR                 -----    -----      002EH    0009H      007FH    0002H
  +--> ?PR?RETURN_SD_CARD_TYPE?SDCARD
  +--> ?PR?_SEND_COMMAND_ISR?SDCARD
  +--> ?PR?_READ_BLOCK_ISR?SDCARD

?PR?_SEND_COMMAND_ISR?SDCARD                     -----    -----      0037H    0005H      0081H    0004H
  +--> ?PR?_SPI_TRANSFER?SPI

?PR?_READ_BLOCK_ISR?SDCARD                       -----    -----      0037H    0005H      0081H    0005H
  +--> ?PR?_SPI_TRANSFER?SPI

?PR?_FIND_NEXT_CLUS_ISR?FILE_SYSTEM_V2           -----    -----      0022H    000CH      0075H    000AH
  +--> ?PR?EXPORT_DRIVE_VALUES_ISR?DIRECTORY...
  +--> ?PR?_READ_SECTOR_ISR?READ_SECTOR
BL51 BANKED LINKER/LOCATER V6.22                                                      12/15/2015  16:41:45  PAGE 4


  +--> ?PR?_READ32_ISR?FILE_SYSTEM_V2
  +--> ?PR?_READ16_ISR?FILE_SYSTEM_V2

?PR?_READ32_ISR?FILE_SYSTEM_V2                   -----    -----      002EH    0005H      007FH    0006H

?PR?_READ16_ISR?FILE_SYSTEM_V2                   -----    -----      002EH    0003H      007FH    0004H

?PR?_FIRST_SECTOR_ISR?FILE_SYSTEM_V2             -----    -----      0022H    0007H      0075H    0004H
  +--> ?PR?EXPORT_DRIVE_VALUES_ISR?DIRECTORY...

*** NEW ROOT ***************************************************

?C_C51STARTUP                                    -----    -----      -----    -----      -----    -----
  +--> ?PR?MAIN?I2C_TEST

?PR?MAIN?I2C_TEST                                -----    -----      -----    -----      0086H    000FH
  +--> ?PR?UART_INIT?UART
  +--> ?CO?I2C_TEST
  +--> ?PR?PRINTF?PRINTF
  +--> ?PR?_SPI_MASTER_INIT?SPI
  +--> ?PR?SD_CARD_INIT?SDCARD
  +--> ?PR?_MOUNT_DRIVE?FILE_SYSTEM_V2
  +--> ?PR?EXPORT_DRIVE_VALUES?DIRECTORY_FUN...
  +--> ?PR?STA013_INIT?STA013_CONFIG
  +--> ?PR?_PRINT_DIRECTORY?DIRECTORY_FUNCTI...
  +--> ?PR?LONG_SERIAL_INPUT?LONG_SERIAL_IN
  +--> ?PR?_READ_DIR_ENTRY?DIRECTORY_FUNCTIO...
  +--> ?PR?_FIRST_SECTOR?FILE_SYSTEM_V2
  +--> ?PR?_PLAY_SONG?PLAY_SONG

?PR?PRINTF?PRINTF                                0020H.0  0001H.1    0061H    0014H      -----    -----
  +--> ?PR?PUTCHAR?PUTCHAR

?PR?_SPI_MASTER_INIT?SPI                         -----    -----      003CH    0001H      -----    -----

?PR?SD_CARD_INIT?SDCARD                          -----    -----      003CH    0012H      -----    -----
  +--> ?CO?SDCARD
  +--> ?PR?PRINTF?PRINTF
  +--> ?PR?_SPI_TRANSFER?SPI
  +--> ?PR?_SEND_COMMAND?SDCARD
  +--> ?PR?_RESPONSE?SDCARD
  +--> ?PR?PUTCHAR?PUTCHAR
  +--> ?PR?_PRINT_ERROR?SDCARD

?PR?_SEND_COMMAND?SDCARD                         -----    -----      006AH    0008H      -----    -----
  +--> ?PR?_SPI_TRANSFER?SPI

?PR?_RESPONSE?SDCARD                             -----    -----      004EH    0007H      -----    -----
  +--> ?PR?_SPI_TRANSFER?SPI

?PR?_PRINT_ERROR?SDCARD                          -----    -----      004EH    0001H      -----    -----
  +--> ?CO?SDCARD
  +--> ?PR?PRINTF?PRINTF

?PR?_MOUNT_DRIVE?FILE_SYSTEM_V2                  -----    -----      003CH    0025H      -----    -----
  +--> ?PR?EXPORT_DRIVE_VALUES?DIRECTORY_FUN...
  +--> ?CO?FILE_SYSTEM_V2
BL51 BANKED LINKER/LOCATER V6.22                                                      12/15/2015  16:41:45  PAGE 5


  +--> ?PR?PRINTF?PRINTF
  +--> ?PR?_READ_SECTOR?READ_SECTOR
  +--> ?PR?_READ8?FILE_SYSTEM_V2
  +--> ?PR?_READ32?FILE_SYSTEM_V2
  +--> ?PR?_READ16?FILE_SYSTEM_V2

?PR?_READ_SECTOR?READ_SECTOR                     -----    -----      0061H    0009H      -----    -----
  +--> ?PR?RETURN_SD_CARD_TYPE?SDCARD
  +--> ?PR?_SEND_COMMAND?SDCARD
  +--> ?PR?_READ_BLOCK?SDCARD

?PR?_READ_BLOCK?SDCARD                           -----    -----      006AH    0009H      -----    -----
  +--> ?PR?_SPI_TRANSFER?SPI

?PR?_READ32?FILE_SYSTEM_V2                       -----    -----      0061H    000AH      -----    -----

?PR?_READ16?FILE_SYSTEM_V2                       -----    -----      0061H    0005H      -----    -----

?PR?STA013_INIT?STA013_CONFIG                    -----    -----      003CH    0007H      0095H    0006H
  +--> ?PR?_I2C_WRITE?I2C
  +--> ?PR?_I2C_READ?I2C
  +--> ?CO?STA013_CONFIG
  +--> ?PR?PRINTF?PRINTF

?PR?_I2C_WRITE?I2C                               -----    -----      0043H    000AH      -----    -----
  +--> ?PR?I2C_CLOCK_START?I2C
  +--> ?PR?_I2C_CLOCK_DELAY?I2C

?PR?_I2C_READ?I2C                                -----    -----      0043H    000BH      -----    -----
  +--> ?PR?I2C_CLOCK_START?I2C
  +--> ?PR?_I2C_CLOCK_DELAY?I2C

?PR?_PRINT_DIRECTORY?DIRECTORY_FUNCTI...         -----    -----      003CH    0009H      0095H    0011H
  +--> ?PR?_READ_SECTOR?READ_SECTOR
  +--> ?PR?_READ8?FILE_SYSTEM_V2
  +--> ?CO?DIRECTORY_FUNCTIONS_STRUCT
  +--> ?PR?PRINTF?PRINTF
  +--> ?PR?PUTCHAR?PUTCHAR

?PR?LONG_SERIAL_INPUT?LONG_SERIAL_IN             -----    -----      003CH    0011H      -----    -----
  +--> ?PR?GETCHAR?GETCHAR
  +--> ?PR?_ATOL?ATOL
  +--> ?PR?PUTCHAR?PUTCHAR

?PR?GETCHAR?GETCHAR                              -----    -----      -----    -----      -----    -----
  +--> ?PR?_GETKEY?_GETKEY
  +--> ?PR?PUTCHAR?PUTCHAR

?PR?_ATOL?ATOL                                   0020H.0  0000H.1    004DH    0007H      -----    -----
  +--> ?PR?_ISSPACE?ISSPACE
  +--> ?PR?_ISDIGIT?ISDIGIT

?PR?_READ_DIR_ENTRY?DIRECTORY_FUNCTIO...         -----    -----      003CH    001EH      -----    -----
  +--> ?PR?_READ_SECTOR?READ_SECTOR
  +--> ?PR?_READ8?FILE_SYSTEM_V2

?PR?_FIRST_SECTOR?FILE_SYSTEM_V2                 -----    -----      0040H    000BH      -----    -----
BL51 BANKED LINKER/LOCATER V6.22                                                      12/15/2015  16:41:45  PAGE 6


  +--> ?PR?EXPORT_DRIVE_VALUES?DIRECTORY_FUN...

?PR?_PLAY_SONG?PLAY_SONG                         -----    -----      003CH    0004H      -----    -----
  +--> ?CO?PLAY_SONG
  +--> ?PR?PRINTF?PRINTF
  +--> ?PR?_FIRST_SECTOR?FILE_SYSTEM_V2
  +--> ?PR?_READ_SECTOR?READ_SECTOR



SYMBOL TABLE OF MODULE:  part5 (DIRECTORY_FUNCTIONS_STRUCT)

  VALUE           TYPE          NAME
  ----------------------------------

  -------         MODULE        DIRECTORY_FUNCTIONS_STRUCT
  C:0000H         SYMBOL        _ICE_DUMMY_
  D:0080H         PUBLIC        P0
  D:0090H         PUBLIC        P1
  D:00A0H         PUBLIC        P2
  D:00B0H         PUBLIC        P3
  D:00A8H         PUBLIC        IEN0
  D:00B8H         PUBLIC        IPL0
  D:00D8H         PUBLIC        CCON
  C:3D96H         PUBLIC        Export_Drive_values_ISR
  C:267EH         PUBLIC        _Print_Directory
  D:0098H         PUBLIC        SCON
  D:0088H         PUBLIC        TCON
  C:3D8FH         PUBLIC        Export_Drive_values
  D:00C8H         PUBLIC        T2CON
  I:0009H         PUBLIC        Drive_values
  C:21A4H         PUBLIC        _Read_Dir_Entry
  D:00D0H         PUBLIC        PSW
  -------         PROC          EXPORT_DRIVE_VALUES
  C:3D8FH         LINE#         24
  C:3D8FH         LINE#         25
  C:3D8FH         LINE#         26
  C:3D95H         LINE#         27
  -------         ENDPROC       EXPORT_DRIVE_VALUES
  -------         PROC          EXPORT_DRIVE_VALUES_ISR
  C:3D96H         LINE#         29
  C:3D96H         LINE#         30
  C:3D96H         LINE#         31
  C:3D9CH         LINE#         32
  -------         ENDPROC       EXPORT_DRIVE_VALUES_ISR
  -------         PROC          _PRINT_DIRECTORY
  D:003CH         SYMBOL        Sector_num
  D:0040H         SYMBOL        array_in
  -------         DO            
  I:0095H         SYMBOL        Sector
  I:0099H         SYMBOL        max_sectors
  I:009DH         SYMBOL        i
  I:009FH         SYMBOL        entries
  I:00A1H         SYMBOL        temp8
  I:00A2H         SYMBOL        j
  I:00A3H         SYMBOL        attr
  I:00A4H         SYMBOL        out_val
BL51 BANKED LINKER/LOCATER V6.22                                                      12/15/2015  16:41:45  PAGE 7


  I:00A5H         SYMBOL        error_flag
  D:0042H         SYMBOL        values
  -------         ENDDO         
  C:267EH         LINE#         45
  C:2686H         LINE#         46
  C:2686H         LINE#         53
  C:268FH         LINE#         54
  C:2695H         LINE#         55
  C:269AH         LINE#         56
  C:26A0H         LINE#         57
  C:26A0H         LINE#         58
  C:26A5H         LINE#         59
  C:26A7H         LINE#         61
  C:26A7H         LINE#         62
  C:26B4H         LINE#         63
  C:26B4H         LINE#         64
  C:26C1H         LINE#         65
  C:26DFH         LINE#         66
  C:26E4H         LINE#         67
  C:26E4H         LINE#         69
  C:26E4H         LINE#         70
  C:26F8H         LINE#         71
  C:2705H         LINE#         72
  C:2705H         LINE#         73
  C:271CH         LINE#         74
  C:2723H         LINE#         75
  C:2723H         LINE#         76
  C:272BH         LINE#         77
  C:273DH         LINE#         78
  C:274AH         LINE#         79
  C:274AH         LINE#         80
  C:2760H         LINE#         81
  C:2763H         LINE#         82
  C:2768H         LINE#         83
  C:276EH         LINE#         84
  C:276EH         LINE#         85
  C:277AH         LINE#         86
  C:277AH         LINE#         87
  C:2790H         LINE#         88
  C:2793H         LINE#         89
  C:2798H         LINE#         90
  C:27A1H         LINE#         91
  C:27A3H         LINE#         93
  C:27A3H         LINE#         94
  C:27A8H         LINE#         95
  C:27B5H         LINE#         96
  C:27B5H         LINE#         97
  C:27CBH         LINE#         98
  C:27CEH         LINE#         99
  C:27D3H         LINE#         100
  C:27D8H         LINE#         101
  C:27DDH         LINE#         102
  C:27DDH         LINE#         103
  C:27DDH         LINE#         104
  C:27DDH         LINE#         105
  C:27E7H         LINE#         106
  C:27F2H         LINE#         107
BL51 BANKED LINKER/LOCATER V6.22                                                      12/15/2015  16:41:45  PAGE 8


  C:27F2H         LINE#         108
  C:2809H         LINE#         109
  C:282AH         LINE#         110
  C:282AH         LINE#         111
  C:2848H         LINE#         112
  C:284AH         LINE#         113
  C:284AH         LINE#         114
  C:2850H         LINE#         115
  C:2852H         LINE#         116
  C:2852H         LINE#         117
  C:2858H         LINE#         118
  C:285AH         LINE#         120
  C:285AH         LINE#         121
  C:2863H         LINE#         122
  C:2866H         LINE#         123
  C:2866H         LINE#         124
  C:2866H         LINE#         126
  C:286EH         LINE#         127
  C:2870H         LINE#         129
  C:2870H         LINE#         130
  C:2876H         LINE#         131
  C:2876H         LINE#         132
  C:287DH         LINE#         133
  -------         ENDPROC       _PRINT_DIRECTORY
  -------         PROC          _READ_DIR_ENTRY
  D:003CH         SYMBOL        Sector_num
  D:0040H         SYMBOL        Entry
  D:0042H         SYMBOL        array_in
  -------         DO            
  D:0044H         SYMBOL        Sector
  D:0048H         SYMBOL        max_sectors
  D:004CH         SYMBOL        return_clus
  D:0050H         SYMBOL        i
  D:0052H         SYMBOL        entries
  D:0054H         SYMBOL        temp8
  D:0055H         SYMBOL        attr
  D:0056H         SYMBOL        error_flag
  D:0057H         SYMBOL        values
  -------         ENDDO         
  C:21A4H         LINE#         146
  C:21ACH         LINE#         147
  C:21ACH         LINE#         153
  C:21B5H         LINE#         154
  C:21BAH         LINE#         155
  C:21BEH         LINE#         156
  C:21C6H         LINE#         157
  C:21CCH         LINE#         158
  C:21CCH         LINE#         159
  C:21D9H         LINE#         160
  C:21DBH         LINE#         162
  C:21DBH         LINE#         163
  C:21E8H         LINE#         164
  C:21E8H         LINE#         165
  C:21F4H         LINE#         166
  C:2213H         LINE#         167
  C:221AH         LINE#         168
  C:221AH         LINE#         170
BL51 BANKED LINKER/LOCATER V6.22                                                      12/15/2015  16:41:45  PAGE 9


  C:221AH         LINE#         171
  C:2229H         LINE#         172
  C:2239H         LINE#         173
  C:2239H         LINE#         174
  C:224DH         LINE#         175
  C:2256H         LINE#         176
  C:2256H         LINE#         177
  C:225EH         LINE#         178
  C:226BH         LINE#         179
  C:226BH         LINE#         180
  C:2272H         LINE#         181
  C:2272H         LINE#         182
  C:228DH         LINE#         183
  C:22A0H         LINE#         184
  C:22C3H         LINE#         185
  C:22D7H         LINE#         186
  C:22D7H         LINE#         187
  C:22FAH         LINE#         188
  C:230EH         LINE#         189
  C:2331H         LINE#         190
  C:2345H         LINE#         191
  C:235CH         LINE#         192
  C:235FH         LINE#         193
  C:235FH         LINE#         195
  C:235FH         LINE#         196
  C:235FH         LINE#         197
  C:236AH         LINE#         198
  C:2375H         LINE#         199
  C:2375H         LINE#         200
  C:238AH         LINE#         201
  C:23ADH         LINE#         202
  C:23ADH         LINE#         203
  C:23CCH         LINE#         204
  C:23D0H         LINE#         205
  C:23D0H         LINE#         206
  C:23DAH         LINE#         207
  C:23DCH         LINE#         208
  C:23DCH         LINE#         209
  C:23E1H         LINE#         210
  C:23E3H         LINE#         212
  C:23E3H         LINE#         213
  C:23E6H         LINE#         214
  C:23E6H         LINE#         215
  C:23E6H         LINE#         217
  C:23EDH         LINE#         218
  C:23EFH         LINE#         220
  C:23EFH         LINE#         221
  C:23F9H         LINE#         222
  C:23F9H         LINE#         223
  C:2415H         LINE#         224
  C:241DH         LINE#         225
  -------         ENDPROC       _READ_DIR_ENTRY
  -------         ENDMOD        DIRECTORY_FUNCTIONS_STRUCT

  -------         MODULE        FILE_SYSTEM_V2
  C:0000H         SYMBOL        _ICE_DUMMY_
  D:0080H         PUBLIC        P0
BL51 BANKED LINKER/LOCATER V6.22                                                      12/15/2015  16:41:45  PAGE 10


  D:0090H         PUBLIC        P1
  D:00A0H         PUBLIC        P2
  D:00B0H         PUBLIC        P3
  C:3906H         PUBLIC        _read32
  C:3C29H         PUBLIC        _read16
  D:00A8H         PUBLIC        IEN0
  D:00B8H         PUBLIC        IPL0
  D:00D8H         PUBLIC        CCON
  C:3877H         PUBLIC        _First_Sector_ISR
  D:0098H         PUBLIC        SCON
  D:0088H         PUBLIC        TCON
  C:316BH         PUBLIC        _Find_Next_Clus_ISR
  C:3976H         PUBLIC        _read32_ISR
  C:3B2CH         PUBLIC        _read16_ISR
  C:3D06H         PUBLIC        _read8
  C:36C8H         PUBLIC        _First_Sector
  D:00C8H         PUBLIC        T2CON
  C:143EH         PUBLIC        _Mount_Drive
  D:00D0H         PUBLIC        PSW
  -------         PROC          L?0037
  -------         ENDPROC       L?0037
  -------         PROC          _READ8
  D:0006H         SYMBOL        offset
  D:0001H         SYMBOL        array_name
  -------         DO            
  D:0007H         SYMBOL        return_val
  -------         ENDDO         
  C:3D06H         LINE#         25
  C:3D06H         LINE#         26
  C:3D06H         LINE#         28
  C:3D09H         LINE#         29
  C:3D11H         LINE#         30
  C:3D11H         LINE#         31
  -------         ENDPROC       _READ8
  -------         PROC          L?0035
  -------         ENDPROC       L?0035
  -------         PROC          _READ16
  D:0061H         SYMBOL        offset
  D:0063H         SYMBOL        array_name
  -------         DO            
  D:0006H         SYMBOL        return_val
  D:0004H         SYMBOL        temp
  -------         ENDDO         
  C:3C29H         LINE#         40
  C:3C33H         LINE#         41
  C:3C33H         LINE#         43
  C:3C36H         LINE#         44
  C:3C36H         LINE#         45
  C:3C44H         LINE#         46
  C:3C45H         LINE#         47
  C:3C52H         LINE#         48
  C:3C53H         LINE#         49
  C:3C53H         LINE#         50
  -------         ENDPROC       _READ16
  -------         PROC          _READ16_ISR
  D:0004H         SYMBOL        offset
  D:002EH         SYMBOL        array_name
BL51 BANKED LINKER/LOCATER V6.22                                                      12/15/2015  16:41:45  PAGE 11


  -------         DO            
  I:007FH         SYMBOL        return_val
  I:0081H         SYMBOL        temp
  -------         ENDDO         
  C:3B2CH         LINE#         52
  C:3B36H         LINE#         53
  C:3B36H         LINE#         55
  C:3B39H         LINE#         56
  C:3B3FH         LINE#         57
  C:3B55H         LINE#         58
  C:3B5EH         LINE#         59
  C:3B79H         LINE#         60
  C:3B88H         LINE#         61
  C:3B88H         LINE#         62
  -------         ENDPROC       _READ16_ISR
  -------         PROC          L?0036
  -------         ENDPROC       L?0036
  -------         PROC          _READ32
  D:0061H         SYMBOL        offset
  D:0063H         SYMBOL        array_name
  -------         DO            
  D:0066H         SYMBOL        return_val
  D:0003H         SYMBOL        temp
  D:006AH         SYMBOL        i
  -------         ENDDO         
  C:3906H         LINE#         71
  C:3910H         LINE#         72
  C:3910H         LINE#         75
  C:3919H         LINE#         76
  C:391CH         LINE#         77
  C:391EH         LINE#         78
  C:391EH         LINE#         79
  C:393EH         LINE#         80
  C:3953H         LINE#         81
  C:3966H         LINE#         82
  C:396DH         LINE#         83
  C:3975H         LINE#         84
  -------         ENDPROC       _READ32
  -------         PROC          _READ32_ISR
  D:002EH         SYMBOL        offset
  D:0030H         SYMBOL        array_name
  -------         DO            
  I:007FH         SYMBOL        return_val
  I:0083H         SYMBOL        temp
  I:0084H         SYMBOL        i
  -------         ENDDO         
  C:3976H         LINE#         86
  C:3980H         LINE#         87
  C:3980H         LINE#         90
  C:3989H         LINE#         91
  C:398CH         LINE#         92
  C:3990H         LINE#         93
  C:3990H         LINE#         94
  C:39B4H         LINE#         95
  C:39C3H         LINE#         96
  C:39DEH         LINE#         97
  C:39E5H         LINE#         98
BL51 BANKED LINKER/LOCATER V6.22                                                      12/15/2015  16:41:45  PAGE 12


  C:39EAH         LINE#         99
  -------         ENDPROC       _READ32_ISR
  -------         PROC          _MOUNT_DRIVE
  D:003CH         SYMBOL        array_in
  -------         DO            
  D:003EH         SYMBOL        TotSec
  D:0042H         SYMBOL        DataSec
  D:0046H         SYMBOL        CntClus
  D:004AH         SYMBOL        MBR_RelSec
  D:004EH         SYMBOL        FATSz
  D:0052H         SYMBOL        RootClus
  D:0056H         SYMBOL        RsvdSecCnt
  D:0058H         SYMBOL        RootEntCnt
  D:0006H         SYMBOL        temp16
  D:005AH         SYMBOL        NumFAT
  D:0007H         SYMBOL        temp8
  D:005BH         SYMBOL        values
  D:005EH         SYMBOL        Drive_p
  -------         ENDDO         
  C:143EH         LINE#         114
  C:1442H         LINE#         115
  C:1442H         LINE#         122
  C:144BH         LINE#         124
  C:1454H         LINE#         125
  C:145DH         LINE#         126
  C:1477H         LINE#         127
  C:147AH         LINE#         128
  C:1484H         LINE#         129
  C:1484H         LINE#         130
  C:1499H         LINE#         131
  C:14ABH         LINE#         132
  C:14C0H         LINE#         133
  C:14C3H         LINE#         134
  C:14C3H         LINE#         135
  C:14CDH         LINE#         136
  C:14CDH         LINE#         137
  C:14D6H         LINE#         138
  C:14D9H         LINE#         139
  C:14D9H         LINE#         140
  C:14EDH         LINE#         141
  C:14F4H         LINE#         142
  C:14FDH         LINE#         143
  C:1503H         LINE#         144
  C:1503H         LINE#         145
  C:1511H         LINE#         146
  C:1518H         LINE#         147
  C:151AH         LINE#         148
  C:1531H         LINE#         149
  C:153AH         LINE#         150
  C:1549H         LINE#         151
  C:155AH         LINE#         152
  C:1570H         LINE#         153
  C:158FH         LINE#         154
  C:15A5H         LINE#         155
  C:15B7H         LINE#         156
  C:15B7H         LINE#         157
  C:15C4H         LINE#         158
BL51 BANKED LINKER/LOCATER V6.22                                                      12/15/2015  16:41:45  PAGE 13


  C:15D9H         LINE#         159
  C:15D9H         LINE#         160
  C:1613H         LINE#         161
  C:166AH         LINE#         162
  C:168BH         LINE#         163
  C:16A9H         LINE#         164
  C:1700H         LINE#         165
  C:171EH         LINE#         166
  C:171EH         LINE#         167
  C:1723H         LINE#         168
  C:172BH         LINE#         169
  C:1734H         LINE#         170
  C:1761H         LINE#         172
  C:1763H         LINE#         174
  C:1763H         LINE#         175
  C:1768H         LINE#         176
  C:1770H         LINE#         177
  C:1779H         LINE#         178
  C:17D0H         LINE#         179
  C:17D0H         LINE#         180
  C:17D2H         LINE#         181
  -------         ENDPROC       _MOUNT_DRIVE
  -------         PROC          _FIRST_SECTOR
  D:0040H         SYMBOL        Cluster_num
  -------         DO            
  D:0044H         SYMBOL        Sector_num
  D:0048H         SYMBOL        Drive_p
  -------         ENDDO         
  C:36C8H         LINE#         190
  C:36D0H         LINE#         191
  C:36D0H         LINE#         195
  C:36D9H         LINE#         196
  C:36ECH         LINE#         197
  C:36ECH         LINE#         198
  C:3700H         LINE#         199
  C:3702H         LINE#         201
  C:3702H         LINE#         202
  C:3751H         LINE#         203
  C:3751H         LINE#         204
  C:3759H         LINE#         205
  -------         ENDPROC       _FIRST_SECTOR
  -------         PROC          _FIRST_SECTOR_ISR
  D:0022H         SYMBOL        Cluster_num
  -------         DO            
  I:0075H         SYMBOL        Sector_num
  D:0026H         SYMBOL        Drive_p
  -------         ENDDO         
  C:3877H         LINE#         207
  C:387FH         LINE#         208
  C:387FH         LINE#         212
  C:3888H         LINE#         213
  C:389BH         LINE#         214
  C:389BH         LINE#         215
  C:38A7H         LINE#         216
  C:38A9H         LINE#         218
  C:38A9H         LINE#         219
  C:38F9H         LINE#         220
BL51 BANKED LINKER/LOCATER V6.22                                                      12/15/2015  16:41:45  PAGE 14


  C:38F9H         LINE#         221
  C:38FEH         LINE#         222
  -------         ENDPROC       _FIRST_SECTOR_ISR
  -------         PROC          _FIND_NEXT_CLUS_ISR
  D:0022H         SYMBOL        Cluster_num
  D:0026H         SYMBOL        array_name
  -------         DO            
  I:0075H         SYMBOL        Sector
  I:0079H         SYMBOL        return_clus
  I:007DH         SYMBOL        FAToffset
  D:0028H         SYMBOL        values
  D:002BH         SYMBOL        Drive_p
  -------         ENDDO         
  C:316BH         LINE#         473
  C:3173H         LINE#         474
  C:3173H         LINE#         480
  C:317CH         LINE#         481
  C:3185H         LINE#         482
  C:31BAH         LINE#         483
  C:31DCH         LINE#         484
  C:3222H         LINE#         485
  C:3231H         LINE#         486
  C:3231H         LINE#         487
  C:3245H         LINE#         488
  C:3247H         LINE#         489
  C:3256H         LINE#         490
  C:3256H         LINE#         491
  C:326EH         LINE#         492
  C:326EH         LINE#         493
  C:3273H         LINE#         494
  -------         ENDPROC       _FIND_NEXT_CLUS_ISR
  -------         ENDMOD        FILE_SYSTEM_V2

  -------         MODULE        I2C
  C:0000H         SYMBOL        _ICE_DUMMY_
  D:0080H         PUBLIC        P0
  D:0090H         PUBLIC        P1
  D:00A0H         PUBLIC        P2
  D:00B0H         PUBLIC        P3
  D:00A8H         PUBLIC        IEN0
  D:00B8H         PUBLIC        IPL0
  C:2E34H         PUBLIC        _I2C_Read
  C:3CE7H         PUBLIC        _I2C_clock_delay
  D:00D8H         PUBLIC        CCON
  C:3535H         PUBLIC        _I2C_Write
  D:0098H         PUBLIC        SCON
  D:0089H         PUBLIC        TMOD
  D:0088H         PUBLIC        TCON
  C:3D26H         PUBLIC        I2C_clock_start
  B:00A8H.1       PUBLIC        ET0
  B:0088H.5       PUBLIC        TF0
  D:008CH         PUBLIC        TH0
  D:008AH         PUBLIC        TL0
  B:0088H.4       PUBLIC        TR0
  B:0090H.2       PUBLIC        SDA
  B:0090H.3       PUBLIC        SCL
  D:00C8H         PUBLIC        T2CON
BL51 BANKED LINKER/LOCATER V6.22                                                      12/15/2015  16:41:45  PAGE 15


  D:00D0H         PUBLIC        PSW
  -------         PROC          _I2C_WRITE
  D:0043H         SYMBOL        device_addr
  D:0044H         SYMBOL        num_bytes
  D:0045H         SYMBOL        send_array
  -------         DO            
  D:0048H         SYMBOL        send_val
  D:0049H         SYMBOL        return_val
  D:004AH         SYMBOL        num_bits
  D:004BH         SYMBOL        send_bit
  D:004CH         SYMBOL        sent_bit
  -------         ENDDO         
  C:3535H         LINE#         31
  C:353FH         LINE#         32
  C:353FH         LINE#         35
  C:3541H         LINE#         36
  C:3543H         LINE#         37
  C:3546H         LINE#         38
  C:3552H         LINE#         39
  C:3552H         LINE#         40
  C:3555H         LINE#         41
  C:355BH         LINE#         42
  C:355EH         LINE#         44
  C:3560H         LINE#         45
  C:3562H         LINE#         47
  C:3562H         LINE#         48
  C:3565H         LINE#         50
  C:3565H         LINE#         51
  C:356AH         LINE#         52
  C:356CH         LINE#         53
  C:356EH         LINE#         54
  C:357FH         LINE#         55
  C:357FH         LINE#         56
  C:3582H         LINE#         57
  C:3584H         LINE#         58
  C:3587H         LINE#         59
  C:358DH         LINE#         60
  C:3594H         LINE#         61
  C:359FH         LINE#         62
  C:35A4H         LINE#         63
  C:35A6H         LINE#         64
  C:35A8H         LINE#         65
  C:35AAH         LINE#         66
  C:35B5H         LINE#         67
  C:35C0H         LINE#         68
  C:35C5H         LINE#         69
  C:35C7H         LINE#         70
  C:35CAH         LINE#         71
  C:35D0H         LINE#         72
  C:35D5H         LINE#         73
  C:35E0H         LINE#         75
  C:35E5H         LINE#         76
  C:35E7H         LINE#         77
  C:35E9H         LINE#         78
  C:35EEH         LINE#         79
  C:35F0H         LINE#         80
  C:35F3H         LINE#         81
BL51 BANKED LINKER/LOCATER V6.22                                                      12/15/2015  16:41:45  PAGE 16


  C:35F8H         LINE#         82
  C:35FAH         LINE#         83
  C:35FCH         LINE#         85
  C:35FCH         LINE#         86
  C:35FFH         LINE#         87
  C:35FFH         LINE#         88
  C:3601H         LINE#         89
  -------         ENDPROC       _I2C_WRITE
  -------         PROC          _I2C_READ
  D:0043H         SYMBOL        device_addr
  D:0044H         SYMBOL        num_bytes
  D:0045H         SYMBOL        rec_array
  -------         DO            
  D:0048H         SYMBOL        send_val
  D:0049H         SYMBOL        return_val
  D:004AH         SYMBOL        num_bits
  D:004BH         SYMBOL        send_bit
  D:004CH         SYMBOL        sent_bit
  D:004DH         SYMBOL        rcv_val
  -------         ENDDO         
  C:2E34H         LINE#         100
  C:2E3EH         LINE#         101
  C:2E3EH         LINE#         104
  C:2E40H         LINE#         105
  C:2E42H         LINE#         106
  C:2E45H         LINE#         107
  C:2E51H         LINE#         108
  C:2E51H         LINE#         109
  C:2E54H         LINE#         110
  C:2E5AH         LINE#         111
  C:2E5DH         LINE#         113
  C:2E5FH         LINE#         115
  C:2E62H         LINE#         117
  C:2E62H         LINE#         118
  C:2E67H         LINE#         119
  C:2E69H         LINE#         120
  C:2E6BH         LINE#         121
  C:2E7CH         LINE#         122
  C:2E7CH         LINE#         123
  C:2E7FH         LINE#         124
  C:2E81H         LINE#         125
  C:2E84H         LINE#         126
  C:2E8AH         LINE#         127
  C:2E91H         LINE#         128
  C:2E9CH         LINE#         129
  C:2EA1H         LINE#         130
  C:2EA3H         LINE#         131
  C:2EA5H         LINE#         132
  C:2EAAH         LINE#         133
  C:2EACH         LINE#         134
  C:2EAFH         LINE#         135
  C:2EB5H         LINE#         136
  C:2EBAH         LINE#         137
  C:2EC5H         LINE#         138
  C:2EC5H         LINE#         139
  C:2EC8H         LINE#         141
  C:2EC8H         LINE#         142
BL51 BANKED LINKER/LOCATER V6.22                                                      12/15/2015  16:41:45  PAGE 17


  C:2ECDH         LINE#         143
  C:2ECFH         LINE#         144
  C:2ED1H         LINE#         145
  C:2ED3H         LINE#         146
  C:2ED9H         LINE#         147
  C:2EDEH         LINE#         148
  C:2EE0H         LINE#         149
  C:2EE3H         LINE#         150
  C:2EE9H         LINE#         151
  C:2EEBH         LINE#         152
  C:2EF2H         LINE#         153
  C:2EFDH         LINE#         154
  C:2F08H         LINE#         155
  C:2F0DH         LINE#         156
  C:2F0DH         LINE#         157
  C:2F10H         LINE#         158
  C:2F12H         LINE#         160
  C:2F12H         LINE#         161
  C:2F15H         LINE#         162
  C:2F15H         LINE#         163
  C:2F1AH         LINE#         164
  C:2F1CH         LINE#         165
  C:2F1EH         LINE#         166
  C:2F21H         LINE#         167
  C:2F23H         LINE#         168
  C:2F26H         LINE#         169
  C:2F28H         LINE#         170
  C:2F2AH         LINE#         172
  C:2F2FH         LINE#         173
  C:2F31H         LINE#         174
  C:2F33H         LINE#         175
  C:2F38H         LINE#         176
  C:2F3AH         LINE#         177
  C:2F3DH         LINE#         178
  C:2F42H         LINE#         179
  C:2F44H         LINE#         180
  C:2F46H         LINE#         182
  C:2F46H         LINE#         183
  C:2F49H         LINE#         184
  C:2F49H         LINE#         185
  C:2F4BH         LINE#         186
  -------         ENDPROC       _I2C_READ
  -------         PROC          I2C_CLOCK_START
  C:3D26H         LINE#         196
  C:3D26H         LINE#         197
  C:3D26H         LINE#         199
  C:3D29H         LINE#         200
  C:3D2CH         LINE#         202
  C:3D2EH         LINE#         204
  C:3D31H         LINE#         205
  C:3D34H         LINE#         207
  C:3D36H         LINE#         208
  C:3D38H         LINE#         209
  -------         ENDPROC       I2C_CLOCK_START
  C:3CE1H         SYMBOL        L?0057
  -------         PROC          L?0056
  -------         ENDPROC       L?0056
BL51 BANKED LINKER/LOCATER V6.22                                                      12/15/2015  16:41:45  PAGE 18


  C:3CE1H         SYMBOL        L?0057
  -------         PROC          _I2C_CLOCK_DELAY
  D:0007H         SYMBOL        control
  C:3CE7H         LINE#         221
  C:3CE7H         LINE#         222
  C:3CE7H         LINE#         223
  C:3CEAH         LINE#         224
  C:3CEAH         LINE#         225
  C:3CEDH         LINE#         226
  C:3CEDH         LINE#         228
  C:3CEFH         LINE#         229
  C:3CF2H         LINE#         230
  C:3CF2H         LINE#         231
  C:3CF5H         LINE#         232
  C:3CF8H         LINE#         234
  C:3CFAH         LINE#         235
  C:3CFCH         LINE#         236
  C:3CFCH         LINE#         237
  -------         ENDPROC       _I2C_CLOCK_DELAY
  -------         ENDMOD        I2C

  -------         MODULE        I2C_TEST
  C:0000H         SYMBOL        _ICE_DUMMY_
  D:0080H         PUBLIC        P0
  D:0090H         PUBLIC        P1
  D:00A0H         PUBLIC        P2
  D:00B0H         PUBLIC        P3
  D:00A8H         PUBLIC        IEN0
  D:00B8H         PUBLIC        IPL0
  D:008FH         PUBLIC        CKCON0
  D:00D8H         PUBLIC        CCON
  C:2A6EH         PUBLIC        main
  B:00A0H.4       PUBLIC        REDLED
  D:0098H         PUBLIC        SCON
  B:00A0H.5       PUBLIC        YELLOWLED
  D:0088H         PUBLIC        TCON
  B:00A0H.6       PUBLIC        AMBERLED
  D:008EH         PUBLIC        AUXR
  B:00A0H.7       PUBLIC        GREENLED
  B:00B0H.2       PUBLIC        STA013_RESET
  D:00C8H         PUBLIC        T2CON
  X:0000H         PUBLIC        buf1
  X:0200H         PUBLIC        buf2
  D:00D0H         PUBLIC        PSW
  -------         PROC          MAIN
  -------         DO            
  I:0086H         SYMBOL        Current_directory
  I:008AH         SYMBOL        Entry_clus
  I:008EH         SYMBOL        i
  I:0090H         SYMBOL        num_entries
  I:0092H         SYMBOL        entry_num
  I:0094H         SYMBOL        error_flag
  D:0001H         SYMBOL        Drive_p
  -------         ENDDO         
  C:2A6EH         LINE#         24
  C:2A6EH         LINE#         25
  C:2A6EH         LINE#         31
BL51 BANKED LINKER/LOCATER V6.22                                                      12/15/2015  16:41:45  PAGE 19


  C:2A70H         LINE#         32
  C:2A72H         LINE#         33
  C:2A74H         LINE#         34
  C:2A76H         LINE#         35
  C:2A78H         LINE#         36
  C:2A7EH         LINE#         37
  C:2A9EH         LINE#         38
  C:2AA0H         LINE#         39
  C:2AA3H         LINE#         40
  C:2AA3H         LINE#         41
  C:2AA3H         LINE#         42
  C:2AA6H         LINE#         43
  C:2AA6H         LINE#         48
  C:2AA9H         LINE#         49
  C:2AB2H         LINE#         50
  C:2AC1H         LINE#         51
  C:2AC3H         LINE#         52
  C:2AC3H         LINE#         53
  C:2AC5H         LINE#         54
  C:2AC7H         LINE#         55
  C:2AC7H         LINE#         56
  C:2AD0H         LINE#         57
  C:2AD7H         LINE#         58
  C:2AD9H         LINE#         59
  C:2AD9H         LINE#         60
  C:2ADBH         LINE#         61
  C:2ADDH         LINE#         62
  C:2ADDH         LINE#         63
  C:2AECH         LINE#         64
  C:2AEEH         LINE#         65
  C:2AEEH         LINE#         66
  C:2AF0H         LINE#         67
  C:2AF2H         LINE#         68
  C:2AF2H         LINE#         69
  C:2B05H         LINE#         70
  C:2B05H         LINE#         71
  C:2B12H         LINE#         72
  C:2B1FH         LINE#         73
  C:2B27H         LINE#         74
  C:2B32H         LINE#         75
  C:2B34H         LINE#         76
  C:2B34H         LINE#         77
  C:2B36H         LINE#         78
  C:2B38H         LINE#         79
  C:2B38H         LINE#         80
  C:2B3BH         LINE#         81
  C:2B46H         LINE#         85
  C:2B49H         LINE#         88
  C:2B49H         LINE#         89
  C:2B49H         LINE#         90
  C:2B5FH         LINE#         91
  C:2B74H         LINE#         92
  C:2B7DH         LINE#         93
  C:2B87H         LINE#         94
  C:2B95H         LINE#         95
  C:2B95H         LINE#         96
  C:2BB1H         LINE#         97
BL51 BANKED LINKER/LOCATER V6.22                                                      12/15/2015  16:41:45  PAGE 20


  C:2BC2H         LINE#         98
  C:2BC2H         LINE#         99
  C:2BCEH         LINE#         100
  C:2BDBH         LINE#         101
  C:2BDEH         LINE#         103
  C:2BDEH         LINE#         105
  C:2BE4H         LINE#         106
  C:2BE4H         LINE#         108
  C:2BE7H         LINE#         110
  C:2BE7H         LINE#         111
  C:2BF0H         LINE#         112
  C:2BF0H         LINE#         113
  -------         ENDPROC       MAIN
  -------         ENDMOD        I2C_TEST

  -------         MODULE        LONG_SERIAL_IN
  C:0000H         SYMBOL        _ICE_DUMMY_
  D:0080H         PUBLIC        P0
  D:0090H         PUBLIC        P1
  D:00A0H         PUBLIC        P2
  D:00B0H         PUBLIC        P3
  D:00A8H         PUBLIC        IEN0
  D:00B8H         PUBLIC        IPL0
  D:00D8H         PUBLIC        CCON
  C:3602H         PUBLIC        long_serial_input
  D:0098H         PUBLIC        SCON
  D:0088H         PUBLIC        TCON
  D:00C8H         PUBLIC        T2CON
  D:00D0H         PUBLIC        PSW
  -------         PROC          LONG_SERIAL_INPUT
  -------         DO            
  D:003CH         SYMBOL        index
  D:003DH         SYMBOL        input
  D:003EH         SYMBOL        input_values
  D:0049H         SYMBOL        output_value
  -------         ENDDO         
  C:3602H         LINE#         15
  C:3602H         LINE#         16
  C:3602H         LINE#         19
  C:3605H         LINE#         20
  C:3605H         LINE#         21
  C:360CH         LINE#         22
  C:3613H         LINE#         23
  C:361DH         LINE#         24
  C:3620H         LINE#         26
  C:3620H         LINE#         27
  C:3625H         LINE#         28
  C:3633H         LINE#         29
  C:3633H         LINE#         30
  C:363AH         LINE#         31
  C:363CH         LINE#         32
  C:363EH         LINE#         33
  C:3649H         LINE#         34
  C:3649H         LINE#         35
  C:364BH         LINE#         36
  C:3652H         LINE#         37
  C:3652H         LINE#         38
BL51 BANKED LINKER/LOCATER V6.22                                                      12/15/2015  16:41:45  PAGE 21


  C:3652H         LINE#         39
  C:3654H         LINE#         40
  C:365FH         LINE#         41
  C:365FH         LINE#         42
  C:3670H         LINE#         43
  C:3675H         LINE#         44
  C:3677H         LINE#         45
  C:3679H         LINE#         47
  C:3679H         LINE#         48
  C:367EH         LINE#         49
  C:3683H         LINE#         50
  C:3688H         LINE#         51
  C:3688H         LINE#         52
  C:368DH         LINE#         53
  C:368DH         LINE#         54
  C:369EH         LINE#         55
  C:36A3H         LINE#         56
  C:36A8H         LINE#         57
  C:36A8H         LINE#         58
  C:36BFH         LINE#         60
  C:36C7H         LINE#         61
  -------         ENDPROC       LONG_SERIAL_INPUT
  -------         ENDMOD        LONG_SERIAL_IN

  -------         MODULE        PLAY_SONG
  C:0000H         SYMBOL        _ICE_DUMMY_
  I:00A6H         PUBLIC        sector_offset
  D:0080H         PUBLIC        P0
  D:0090H         PUBLIC        P1
  D:00A0H         PUBLIC        P2
  D:00B0H         PUBLIC        P3
  B:00A8H.7       PUBLIC        EA
  B:00A0H.4       PUBLIC        LED1
  B:00A0H.5       PUBLIC        LED2
  B:00A0H.6       PUBLIC        LED3
  B:00A0H.7       PUBLIC        LED4
  D:00A8H         PUBLIC        IEN0
  C:305EH         PUBLIC        _Play_Song
  I:00AAH         PUBLIC        sector
  I:00AEH         PUBLIC        index1_g
  I:00B0H         PUBLIC        index2_g
  D:00B8H         PUBLIC        IPL0
  D:00CBH         PUBLIC        RCAP2H
  D:00D8H         PUBLIC        CCON
  D:00CAH         PUBLIC        RCAP2L
  D:0087H         PUBLIC        PCON
  D:0098H         PUBLIC        SCON
  D:0089H         PUBLIC        TMOD
  D:0088H         PUBLIC        TCON
  I:00B2H         PUBLIC        play_status
  B:0088H.5       PUBLIC        TF0
  B:00A8H.5       PUBLIC        ET2
  B:00C8H.7       PUBLIC        TF2
  D:008CH         PUBLIC        TH0
  I:00B3H         PUBLIC        cluster_g
  D:00CDH         PUBLIC        TH2
  D:008AH         PUBLIC        TL0
BL51 BANKED LINKER/LOCATER V6.22                                                      12/15/2015  16:41:45  PAGE 22


  D:00CCH         PUBLIC        TL2
  B:0090H.1       PUBLIC        BIT_EN
  C:1B2FH         PUBLIC        timer2
  B:0088H.4       PUBLIC        TR0
  B:00C8H.2       PUBLIC        TR2
  B:00A0H.0       PUBLIC        SW1
  B:00A0H.1       PUBLIC        SW2
  B:00A0H.2       PUBLIC        SW3
  B:0090H.0       PUBLIC        DATA_REQ
  D:00C8H         PUBLIC        T2CON
  I:00B7H         PUBLIC        state_g
  I:00B8H         PUBLIC        temp8
  D:00D0H         PUBLIC        PSW
  -------         PROC          _PLAY_SONG
  D:003CH         SYMBOL        Start_Cluster
  C:305EH         LINE#         16
  C:3066H         LINE#         17
  C:3066H         LINE#         18
  C:3077H         LINE#         20
  C:3087H         LINE#         21
  C:309DH         LINE#         22
  C:30A6H         LINE#         24
  C:30ACH         LINE#         25
  C:30D4H         LINE#         27
  C:30EBH         LINE#         28
  C:30F1H         LINE#         30
  C:3119H         LINE#         32
  C:3130H         LINE#         34
  C:313DH         LINE#         35
  C:3141H         LINE#         36
  C:3145H         LINE#         37
  C:3148H         LINE#         38
  C:314AH         LINE#         39
  C:314CH         LINE#         40
  C:314EH         LINE#         41
  C:3150H         LINE#         42
  C:3152H         LINE#         43
  C:3155H         LINE#         44
  C:3157H         LINE#         45
  C:3159H         LINE#         47
  C:315BH         LINE#         48
  C:3163H         LINE#         49
  C:3163H         LINE#         50
  C:3166H         LINE#         51
  C:3168H         LINE#         53
  C:316AH         LINE#         56
  -------         ENDPROC       _PLAY_SONG
  -------         PROC          TIMER2
  C:1B2FH         LINE#         59
  C:1B4CH         LINE#         62
  C:1B4EH         LINE#         63
  C:1B51H         LINE#         64
  C:1B54H         LINE#         65
  C:1B56H         LINE#         66
  C:1B58H         LINE#         69
  C:1B61H         LINE#         70
  C:1B61H         LINE#         71
BL51 BANKED LINKER/LOCATER V6.22                                                      12/15/2015  16:41:45  PAGE 23


  C:1B65H         LINE#         72
  C:1B65H         LINE#         73
  C:1B70H         LINE#         74
  C:1B70H         LINE#         75
  C:1B73H         LINE#         76
  C:1B76H         LINE#         77
  C:1B76H         LINE#         80
  C:1B7CH         LINE#         81
  C:1B7CH         LINE#         82
  C:1B8DH         LINE#         83
  C:1B8DH         LINE#         84
  C:1B91H         LINE#         85
  C:1B91H         LINE#         86
  C:1B91H         LINE#         88
  C:1B97H         LINE#         89
  C:1B97H         LINE#         90
  C:1BA8H         LINE#         91
  C:1BA8H         LINE#         92
  C:1BACH         LINE#         93
  C:1BACH         LINE#         94
  C:1BACH         LINE#         97
  C:1BDEH         LINE#         98
  C:1BDEH         LINE#         100
  C:1BDEH         LINE#         101
  C:1BDEH         LINE#         102
  C:1BE0H         LINE#         103
  C:1BE2H         LINE#         104
  C:1BE4H         LINE#         105
  C:1BE6H         LINE#         106
  C:1BECH         LINE#         107
  C:1BECH         LINE#         108
  C:1BEEH         LINE#         109
  C:1C08H         LINE#         110
  C:1C10H         LINE#         111
  C:1C1CH         LINE#         112
  C:1C1CH         LINE#         113
  C:1C28H         LINE#         114
  C:1C28H         LINE#         115
  C:1C2EH         LINE#         116
  C:1C2EH         LINE#         117
  C:1C30H         LINE#         118
  C:1C32H         LINE#         120
  C:1C32H         LINE#         121
  C:1C36H         LINE#         122
  C:1C36H         LINE#         123
  C:1C38H         LINE#         125
  C:1C38H         LINE#         126
  C:1C3CH         LINE#         127
  C:1C3CH         LINE#         128
  C:1C3EH         LINE#         129
  C:1C3EH         LINE#         130
  C:1C40H         LINE#         131
  C:1C42H         LINE#         132
  C:1C52H         LINE#         133
  C:1C52H         LINE#         135
  C:1C60H         LINE#         136
  C:1C60H         LINE#         137
BL51 BANKED LINKER/LOCATER V6.22                                                      12/15/2015  16:41:45  PAGE 24


  C:1C62H         LINE#         138
  C:1C65H         LINE#         140
  C:1C65H         LINE#         142
  C:1C67H         LINE#         143
  C:1C67H         LINE#         144
  C:1C67H         LINE#         146
  C:1C6AH         LINE#         147
  C:1C6AH         LINE#         150
  C:1C6AH         LINE#         151
  C:1C6AH         LINE#         152
  C:1C6CH         LINE#         153
  C:1C6EH         LINE#         154
  C:1C70H         LINE#         155
  C:1C72H         LINE#         157
  C:1C9AH         LINE#         159
  C:1CB1H         LINE#         161
  C:1CB5H         LINE#         162
  C:1CB7H         LINE#         164
  C:1CBAH         LINE#         165
  C:1CBAH         LINE#         168
  C:1CBAH         LINE#         169
  C:1CBAH         LINE#         170
  C:1CBCH         LINE#         171
  C:1CBEH         LINE#         172
  C:1CC0H         LINE#         173
  C:1CC2H         LINE#         175
  C:1CD5H         LINE#         176
  C:1CE7H         LINE#         177
  C:1CE7H         LINE#         179
  C:1CEBH         LINE#         181
  C:1CEBH         LINE#         182
  C:1CEDH         LINE#         184
  C:1CEDH         LINE#         185
  C:1CFAH         LINE#         186
  C:1D03H         LINE#         188
  C:1D07H         LINE#         189
  C:1D07H         LINE#         190
  C:1D0AH         LINE#         191
  C:1D0AH         LINE#         193
  C:1D0AH         LINE#         194
  C:1D0AH         LINE#         195
  C:1D0CH         LINE#         196
  C:1D0EH         LINE#         197
  C:1D10H         LINE#         198
  C:1D12H         LINE#         200
  C:1D18H         LINE#         201
  C:1D18H         LINE#         202
  C:1D1CH         LINE#         203
  C:1D1CH         LINE#         204
  C:1D1FH         LINE#         205
  C:1D1FH         LINE#         208
  C:1D1FH         LINE#         209
  C:1D1FH         LINE#         210
  C:1D21H         LINE#         211
  C:1D23H         LINE#         212
  C:1D25H         LINE#         213
  C:1D27H         LINE#         216
BL51 BANKED LINKER/LOCATER V6.22                                                      12/15/2015  16:41:45  PAGE 25


  C:1D2DH         LINE#         217
  C:1D2DH         LINE#         218
  C:1D2FH         LINE#         219
  C:1D49H         LINE#         220
  C:1D51H         LINE#         221
  C:1D5DH         LINE#         222
  C:1D5DH         LINE#         223
  C:1D68H         LINE#         224
  C:1D68H         LINE#         225
  C:1D6EH         LINE#         226
  C:1D6EH         LINE#         227
  C:1D70H         LINE#         228
  C:1D72H         LINE#         230
  C:1D72H         LINE#         231
  C:1D76H         LINE#         232
  C:1D76H         LINE#         233
  C:1D78H         LINE#         235
  C:1D78H         LINE#         236
  C:1D7CH         LINE#         237
  C:1D7CH         LINE#         238
  C:1D7EH         LINE#         239
  C:1D7EH         LINE#         240
  C:1D80H         LINE#         241
  C:1D82H         LINE#         242
  C:1D92H         LINE#         243
  C:1D92H         LINE#         245
  C:1DA0H         LINE#         246
  C:1DA0H         LINE#         247
  C:1DA2H         LINE#         248
  C:1DA5H         LINE#         250
  C:1DA5H         LINE#         252
  C:1DA7H         LINE#         253
  C:1DA7H         LINE#         254
  C:1DA7H         LINE#         257
  C:1DAAH         LINE#         258
  C:1DAAH         LINE#         261
  C:1DAAH         LINE#         262
  C:1DAAH         LINE#         263
  C:1DACH         LINE#         264
  C:1DAEH         LINE#         265
  C:1DB0H         LINE#         266
  C:1DB2H         LINE#         268
  C:1DDAH         LINE#         269
  C:1DF1H         LINE#         271
  C:1DF5H         LINE#         272
  C:1DFCH         LINE#         273
  C:1DFEH         LINE#         274
  C:1DFEH         LINE#         277
  C:1DFEH         LINE#         278
  C:1DFEH         LINE#         279
  C:1E00H         LINE#         280
  C:1E02H         LINE#         281
  C:1E04H         LINE#         282
  C:1E06H         LINE#         284
  C:1E19H         LINE#         285
  C:1E2BH         LINE#         286
  C:1E2BH         LINE#         287
BL51 BANKED LINKER/LOCATER V6.22                                                      12/15/2015  16:41:45  PAGE 26


  C:1E2FH         LINE#         289
  C:1E2FH         LINE#         290
  C:1E31H         LINE#         292
  C:1E31H         LINE#         293
  C:1E3EH         LINE#         294
  C:1E47H         LINE#         296
  C:1E4BH         LINE#         297
  C:1E4BH         LINE#         298
  C:1E4DH         LINE#         299
  C:1E4DH         LINE#         301
  C:1E4DH         LINE#         302
  C:1E4DH         LINE#         303
  C:1E4FH         LINE#         304
  C:1E51H         LINE#         305
  C:1E53H         LINE#         306
  C:1E55H         LINE#         308
  C:1E58H         LINE#         309
  C:1E58H         LINE#         310
  C:1E5CH         LINE#         311
  C:1E5CH         LINE#         312
  C:1E5CH         LINE#         313
  C:1E5CH         LINE#         314
  C:1E5CH         LINE#         315
  C:1E5CH         LINE#         317
  C:1E5CH         LINE#         318
  C:1E5CH         LINE#         319
  C:1E5CH         LINE#         321
  C:1E5EH         LINE#         322
  -------         ENDPROC       TIMER2
  -------         ENDMOD        PLAY_SONG

  -------         MODULE        PRINT_BYTES
  C:0000H         SYMBOL        _ICE_DUMMY_
  D:0080H         PUBLIC        P0
  D:0090H         PUBLIC        P1
  D:00A0H         PUBLIC        P2
  D:00B0H         PUBLIC        P3
  D:00A8H         PUBLIC        IEN0
  D:00B8H         PUBLIC        IPL0
  D:00D8H         PUBLIC        CCON
  D:0098H         PUBLIC        SCON
  D:0088H         PUBLIC        TCON
  D:00C8H         PUBLIC        T2CON
  D:00D0H         PUBLIC        PSW
  -------         ENDMOD        PRINT_BYTES

  -------         MODULE        READ_SECTOR
  C:0000H         SYMBOL        _ICE_DUMMY_
  D:0080H         PUBLIC        P0
  D:0090H         PUBLIC        P1
  D:00A0H         PUBLIC        P2
  D:00B0H         PUBLIC        P3
  D:00A8H         PUBLIC        IEN0
  D:00B8H         PUBLIC        IPL0
  C:3B89H         PUBLIC        _Read_Sector_ISR
  D:00D8H         PUBLIC        CCON
  D:0098H         PUBLIC        SCON
BL51 BANKED LINKER/LOCATER V6.22                                                      12/15/2015  16:41:45  PAGE 27


  B:0090H.4       PUBLIC        nCS0
  D:0088H         PUBLIC        TCON
  C:3BDEH         PUBLIC        _Read_Sector
  D:00C8H         PUBLIC        T2CON
  D:00D0H         PUBLIC        PSW
  -------         PROC          _READ_SECTOR
  D:0061H         SYMBOL        sector_number
  D:0065H         SYMBOL        sector_size
  D:0067H         SYMBOL        array_for_data
  -------         DO            
  D:0003H         SYMBOL        SDtype
  D:0007H         SYMBOL        error_flag
  -------         ENDDO         
  C:3BDEH         LINE#         10
  C:3BE6H         LINE#         11
  C:3BE6H         LINE#         12
  C:3BE8H         LINE#         14
  C:3BEDH         LINE#         15
  C:3BEFH         LINE#         16
  C:3C09H         LINE#         17
  C:3C19H         LINE#         18
  C:3C1BH         LINE#         20
  C:3C1EH         LINE#         21
  C:3C1EH         LINE#         22
  C:3C20H         LINE#         23
  C:3C20H         LINE#         24
  C:3C20H         LINE#         25
  -------         ENDPROC       _READ_SECTOR
  -------         PROC          _READ_SECTOR_ISR
  D:002EH         SYMBOL        sector_number
  D:0032H         SYMBOL        sector_size
  D:0034H         SYMBOL        array_for_data
  -------         DO            
  I:007FH         SYMBOL        SDtype
  I:0080H         SYMBOL        error_flag
  -------         ENDDO         
  C:3B89H         LINE#         27
  C:3B91H         LINE#         28
  C:3B91H         LINE#         29
  C:3B95H         LINE#         31
  C:3B9CH         LINE#         32
  C:3B9EH         LINE#         33
  C:3BBDH         LINE#         34
  C:3BD0H         LINE#         35
  C:3BD2H         LINE#         37
  C:3BD7H         LINE#         38
  C:3BD7H         LINE#         39
  C:3BD9H         LINE#         40
  C:3BD9H         LINE#         41
  C:3BDDH         LINE#         42
  -------         ENDPROC       _READ_SECTOR_ISR
  -------         ENDMOD        READ_SECTOR

  -------         MODULE        SDCARD
  C:0000H         SYMBOL        _ICE_DUMMY_
  D:0080H         PUBLIC        P0
  D:0090H         PUBLIC        P1
BL51 BANKED LINKER/LOCATER V6.22                                                      12/15/2015  16:41:45  PAGE 28


  D:00A0H         PUBLIC        P2
  D:00B0H         PUBLIC        P3
  C:3370H         PUBLIC        _read_block
  D:00A8H         PUBLIC        IEN0
  C:3281H         PUBLIC        _SEND_COMMAND
  D:00B8H         PUBLIC        IPL0
  B:00B0H.5       PUBLIC        P3_5
  D:00D8H         PUBLIC        CCON
  C:1E79H         PUBLIC        SD_card_init
  B:00A0H.4       PUBLIC        REDLED
  D:0098H         PUBLIC        SCON
  B:0090H.4       PUBLIC        nCS0
  D:0088H         PUBLIC        TCON
  C:3AC7H         PUBLIC        _print_error
  B:00A0H.7       PUBLIC        GREENLED
  C:2D18H         PUBLIC        _read_block_ISR
  C:3D9DH         PUBLIC        Return_SD_Card_Type
  C:2BF3H         PUBLIC        _SEND_COMMAND_ISR
  D:00C8H         PUBLIC        T2CON
  C:3761H         PUBLIC        _response
  I:001FH         SYMBOL        SD_Card_Type
  D:00D0H         PUBLIC        PSW
  -------         PROC          L?0189
  -------         ENDPROC       L?0189
  -------         PROC          _SEND_COMMAND
  D:006AH         SYMBOL        cmnd
  D:006BH         SYMBOL        argum
  -------         DO            
  D:006FH         SYMBOL        SPI_send
  D:0070H         SYMBOL        return_val
  D:0071H         SYMBOL        SPI_return
  D:0007H         SYMBOL        error_flag
  -------         ENDDO         
  C:3281H         LINE#         19
  C:3283H         LINE#         20
  C:3283H         LINE#         23
  C:3286H         LINE#         24
  C:3290H         LINE#         25
  C:3290H         LINE#         26
  C:3296H         LINE#         27
  C:32A0H         LINE#         28
  C:32A3H         LINE#         29
  C:32A3H         LINE#         30
  C:32B2H         LINE#         31
  C:32BBH         LINE#         32
  C:32BDH         LINE#         34
  C:32BDH         LINE#         35
  C:32C0H         LINE#         36
  C:32C0H         LINE#         37
  C:32C7H         LINE#         38
  C:32C7H         LINE#         39
  C:32D6H         LINE#         40
  C:32E5H         LINE#         41
  C:32EEH         LINE#         42
  C:32F0H         LINE#         44
  C:32F0H         LINE#         45
  C:32F3H         LINE#         46
BL51 BANKED LINKER/LOCATER V6.22                                                      12/15/2015  16:41:45  PAGE 29


  C:32F3H         LINE#         47
  C:32FAH         LINE#         48
  C:32FAH         LINE#         49
  C:3307H         LINE#         50
  C:3316H         LINE#         51
  C:331FH         LINE#         52
  C:3321H         LINE#         54
  C:3321H         LINE#         55
  C:3324H         LINE#         56
  C:3324H         LINE#         57
  C:332BH         LINE#         58
  C:332BH         LINE#         59
  C:3331H         LINE#         60
  C:333BH         LINE#         61
  C:333DH         LINE#         63
  C:333DH         LINE#         64
  C:3340H         LINE#         65
  C:3340H         LINE#         66
  C:3347H         LINE#         67
  C:3347H         LINE#         68
  C:334BH         LINE#         69
  C:334BH         LINE#         70
  C:334EH         LINE#         71
  C:3350H         LINE#         72
  C:3355H         LINE#         73
  C:3355H         LINE#         74
  C:3358H         LINE#         75
  C:335AH         LINE#         77
  C:335AH         LINE#         78
  C:335DH         LINE#         79
  C:335DH         LINE#         80
  C:3368H         LINE#         81
  C:3368H         LINE#         82
  C:336AH         LINE#         84
  C:336AH         LINE#         85
  C:336DH         LINE#         86
  C:336DH         LINE#         87
  C:336FH         LINE#         88
  -------         ENDPROC       _SEND_COMMAND
  -------         PROC          _SEND_COMMAND_ISR
  D:0037H         SYMBOL        cmnd
  D:0038H         SYMBOL        argum
  -------         DO            
  I:0081H         SYMBOL        SPI_send
  I:0082H         SYMBOL        return_val
  I:0083H         SYMBOL        SPI_return
  I:0084H         SYMBOL        error_flag
  -------         ENDDO         
  C:2BF3H         LINE#         90
  C:2BF5H         LINE#         91
  C:2BF5H         LINE#         94
  C:2BF9H         LINE#         95
  C:2C03H         LINE#         96
  C:2C03H         LINE#         97
  C:2C0AH         LINE#         98
  C:2C17H         LINE#         99
  C:2C19H         LINE#         100
BL51 BANKED LINKER/LOCATER V6.22                                                      12/15/2015  16:41:45  PAGE 30


  C:2C19H         LINE#         101
  C:2C2AH         LINE#         102
  C:2C37H         LINE#         103
  C:2C39H         LINE#         105
  C:2C39H         LINE#         106
  C:2C3DH         LINE#         107
  C:2C3DH         LINE#         108
  C:2C47H         LINE#         109
  C:2C47H         LINE#         110
  C:2C56H         LINE#         111
  C:2C67H         LINE#         112
  C:2C74H         LINE#         113
  C:2C76H         LINE#         115
  C:2C76H         LINE#         116
  C:2C7AH         LINE#         117
  C:2C7AH         LINE#         118
  C:2C84H         LINE#         119
  C:2C84H         LINE#         120
  C:2C91H         LINE#         121
  C:2CA2H         LINE#         122
  C:2CAFH         LINE#         123
  C:2CB1H         LINE#         125
  C:2CB1H         LINE#         126
  C:2CB5H         LINE#         127
  C:2CB5H         LINE#         128
  C:2CBFH         LINE#         129
  C:2CBFH         LINE#         130
  C:2CC8H         LINE#         131
  C:2CD5H         LINE#         132
  C:2CD7H         LINE#         134
  C:2CD7H         LINE#         135
  C:2CDBH         LINE#         136
  C:2CDBH         LINE#         137
  C:2CE5H         LINE#         138
  C:2CE5H         LINE#         139
  C:2CE9H         LINE#         140
  C:2CE9H         LINE#         141
  C:2CEDH         LINE#         142
  C:2CEFH         LINE#         143
  C:2CF6H         LINE#         144
  C:2CF6H         LINE#         145
  C:2CF8H         LINE#         146
  C:2CFAH         LINE#         148
  C:2CFAH         LINE#         149
  C:2CFCH         LINE#         150
  C:2CFCH         LINE#         151
  C:2D0DH         LINE#         152
  C:2D0DH         LINE#         153
  C:2D0FH         LINE#         155
  C:2D0FH         LINE#         156
  C:2D13H         LINE#         157
  C:2D13H         LINE#         158
  C:2D17H         LINE#         159
  -------         ENDPROC       _SEND_COMMAND_ISR
  C:375AH         SYMBOL        L?0188
  -------         PROC          L?0187
  -------         ENDPROC       L?0187
BL51 BANKED LINKER/LOCATER V6.22                                                      12/15/2015  16:41:45  PAGE 31


  C:375AH         SYMBOL        L?0188
  -------         PROC          _RESPONSE
  D:004EH         SYMBOL        num_bytes
  D:004FH         SYMBOL        valout
  -------         DO            
  D:0052H         SYMBOL        index
  D:0053H         SYMBOL        return_val
  D:0007H         SYMBOL        error_flag
  D:0054H         SYMBOL        SPI_return
  -------         ENDDO         
  C:3761H         LINE#         169
  C:3769H         LINE#         170
  C:3769H         LINE#         173
  C:376CH         LINE#         175
  C:376CH         LINE#         176
  C:3777H         LINE#         177
  C:3779H         LINE#         178
  C:3785H         LINE#         179
  C:3788H         LINE#         180
  C:3788H         LINE#         181
  C:378BH         LINE#         182
  C:378DH         LINE#         183
  C:3791H         LINE#         184
  C:3791H         LINE#         185
  C:3794H         LINE#         186
  C:3796H         LINE#         188
  C:3796H         LINE#         189
  C:37A1H         LINE#         190
  C:37A9H         LINE#         191
  C:37A9H         LINE#         192
  C:37B0H         LINE#         193
  C:37B0H         LINE#         194
  C:37BAH         LINE#         195
  C:37BAH         LINE#         196
  C:37C5H         LINE#         197
  C:37D6H         LINE#         198
  C:37DAH         LINE#         199
  C:37DAH         LINE#         200
  C:37DAH         LINE#         202
  C:37DAH         LINE#         203
  C:37DDH         LINE#         204
  C:37DDH         LINE#         205
  C:37DDH         LINE#         206
  C:37E8H         LINE#         207
  C:37EAH         LINE#         208
  -------         ENDPROC       _RESPONSE
  -------         PROC          _READ_BLOCK
  D:006AH         SYMBOL        num_bytes
  D:006CH         SYMBOL        array_out
  -------         DO            
  D:0007H         SYMBOL        error_flag
  D:006FH         SYMBOL        return_val
  D:0070H         SYMBOL        SPI_return
  D:0071H         SYMBOL        index
  -------         ENDDO         
  C:3370H         LINE#         219
  C:337AH         LINE#         220
BL51 BANKED LINKER/LOCATER V6.22                                                      12/15/2015  16:41:45  PAGE 32


  C:337AH         LINE#         223
  C:337FH         LINE#         224
  C:3381H         LINE#         226
  C:3381H         LINE#         227
  C:338CH         LINE#         228
  C:3394H         LINE#         229
  C:33A2H         LINE#         230
  C:33A5H         LINE#         231
  C:33A5H         LINE#         232
  C:33A5H         LINE#         233
  C:33A7H         LINE#         234
  C:33ADH         LINE#         235
  C:33ADH         LINE#         236
  C:33ADH         LINE#         237
  C:33AFH         LINE#         239
  C:33AFH         LINE#         240
  C:33B6H         LINE#         241
  C:33B6H         LINE#         242
  C:33BAH         LINE#         244
  C:33BAH         LINE#         245
  C:33C5H         LINE#         246
  C:33CDH         LINE#         247
  C:33DBH         LINE#         248
  C:33DEH         LINE#         249
  C:33DEH         LINE#         250
  C:33E1H         LINE#         251
  C:33E3H         LINE#         252
  C:33E9H         LINE#         253
  C:33E9H         LINE#         254
  C:33ECH         LINE#         255
  C:33EEH         LINE#         256
  C:33F4H         LINE#         257
  C:33F4H         LINE#         258
  C:3403H         LINE#         259
  C:3403H         LINE#         260
  C:340EH         LINE#         261
  C:341FH         LINE#         262
  C:3429H         LINE#         263
  C:3434H         LINE#         264
  C:343FH         LINE#         265
  C:3441H         LINE#         267
  C:3441H         LINE#         268
  C:3444H         LINE#         269
  C:3444H         LINE#         270
  C:3446H         LINE#         272
  C:3446H         LINE#         273
  C:3449H         LINE#         274
  C:3449H         LINE#         275
  C:3449H         LINE#         276
  C:3454H         LINE#         277
  C:3456H         LINE#         278
  -------         ENDPROC       _READ_BLOCK
  -------         PROC          _READ_BLOCK_ISR
  D:0037H         SYMBOL        num_bytes
  D:0039H         SYMBOL        array_out
  -------         DO            
  I:0081H         SYMBOL        error_flag
BL51 BANKED LINKER/LOCATER V6.22                                                      12/15/2015  16:41:45  PAGE 33


  I:0082H         SYMBOL        return_val
  I:0083H         SYMBOL        SPI_return
  I:0084H         SYMBOL        index
  -------         ENDDO         
  C:2D18H         LINE#         280
  C:2D22H         LINE#         281
  C:2D22H         LINE#         284
  C:2D28H         LINE#         285
  C:2D2BH         LINE#         287
  C:2D2BH         LINE#         288
  C:2D3AH         LINE#         289
  C:2D42H         LINE#         290
  C:2D55H         LINE#         291
  C:2D5AH         LINE#         292
  C:2D5AH         LINE#         293
  C:2D5AH         LINE#         294
  C:2D5CH         LINE#         295
  C:2D63H         LINE#         296
  C:2D63H         LINE#         297
  C:2D63H         LINE#         298
  C:2D65H         LINE#         300
  C:2D65H         LINE#         301
  C:2D6BH         LINE#         302
  C:2D6BH         LINE#         303
  C:2D70H         LINE#         305
  C:2D70H         LINE#         306
  C:2D7FH         LINE#         307
  C:2D87H         LINE#         308
  C:2D9AH         LINE#         309
  C:2D9FH         LINE#         310
  C:2D9FH         LINE#         311
  C:2DA2H         LINE#         312
  C:2DA4H         LINE#         313
  C:2DABH         LINE#         314
  C:2DABH         LINE#         315
  C:2DAFH         LINE#         316
  C:2DB1H         LINE#         317
  C:2DB6H         LINE#         318
  C:2DB6H         LINE#         319
  C:2DC7H         LINE#         320
  C:2DC7H         LINE#         321
  C:2DD6H         LINE#         322
  C:2DEDH         LINE#         323
  C:2DF7H         LINE#         324
  C:2E06H         LINE#         325
  C:2E15H         LINE#         326
  C:2E17H         LINE#         328
  C:2E17H         LINE#         329
  C:2E1BH         LINE#         330
  C:2E1BH         LINE#         331
  C:2E1DH         LINE#         333
  C:2E1DH         LINE#         334
  C:2E21H         LINE#         335
  C:2E21H         LINE#         336
  C:2E21H         LINE#         337
  C:2E30H         LINE#         338
  C:2E33H         LINE#         339
BL51 BANKED LINKER/LOCATER V6.22                                                      12/15/2015  16:41:45  PAGE 34


  -------         ENDPROC       _READ_BLOCK_ISR
  -------         PROC          SD_CARD_INIT
  -------         DO            
  D:003CH         SYMBOL        i
  D:003DH         SYMBOL        error_status
  D:003EH         SYMBOL        error_flag
  D:003FH         SYMBOL        valsout
  D:0047H         SYMBOL        SPI_return
  D:0048H         SYMBOL        argument
  D:004CH         SYMBOL        timeout
  -------         ENDDO         
  C:1E79H         LINE#         347
  C:1E79H         LINE#         348
  C:1E79H         LINE#         352
  C:1E7CH         LINE#         353
  C:1E80H         LINE#         354
  C:1E82H         LINE#         355
  C:1E8BH         LINE#         356
  C:1E8EH         LINE#         357
  C:1E8EH         LINE#         358
  C:1E9BH         LINE#         359
  C:1EA4H         LINE#         360
  C:1EA6H         LINE#         361
  C:1EAFH         LINE#         362
  C:1EB1H         LINE#         363
  C:1EC0H         LINE#         364
  C:1EC4H         LINE#         365
  C:1EC4H         LINE#         366
  C:1EC9H         LINE#         367
  C:1ECBH         LINE#         368
  C:1ECDH         LINE#         369
  C:1ED9H         LINE#         370
  C:1EDBH         LINE#         372
  C:1EDBH         LINE#         373
  C:1EDDH         LINE#         374
  C:1EDFH         LINE#         375
  C:1EE1H         LINE#         376
  C:1EE1H         LINE#         377
  C:1EE5H         LINE#         378
  C:1EE5H         LINE#         379
  C:1EE7H         LINE#         380
  C:1EE7H         LINE#         381
  C:1EEEH         LINE#         382
  C:1EEEH         LINE#         383
  C:1EF0H         LINE#         384
  C:1EF9H         LINE#         385
  C:1EFBH         LINE#         386
  C:1F0DH         LINE#         387
  C:1F11H         LINE#         388
  C:1F11H         LINE#         389
  C:1F1DH         LINE#         390
  C:1F1FH         LINE#         391
  C:1F21H         LINE#         392
  C:1F2AH         LINE#         393
  C:1F2DH         LINE#         394
  C:1F2DH         LINE#         395
  C:1F3EH         LINE#         396
BL51 BANKED LINKER/LOCATER V6.22                                                      12/15/2015  16:41:45  PAGE 35


  C:1F47H         LINE#         397
  C:1F4CH         LINE#         398
  C:1F51H         LINE#         399
  C:1F57H         LINE#         400
  C:1F57H         LINE#         401
  C:1F5AH         LINE#         402
  C:1F5AH         LINE#         403
  C:1F5CH         LINE#         405
  C:1F5CH         LINE#         406
  C:1F5EH         LINE#         407
  C:1F60H         LINE#         408
  C:1F62H         LINE#         409
  C:1F62H         LINE#         410
  C:1F66H         LINE#         411
  C:1F66H         LINE#         412
  C:1F69H         LINE#         413
  C:1F69H         LINE#         414
  C:1F6CH         LINE#         415
  C:1F70H         LINE#         416
  C:1F79H         LINE#         417
  C:1F7FH         LINE#         418
  C:1F81H         LINE#         420
  C:1F81H         LINE#         421
  C:1F84H         LINE#         422
  C:1F84H         LINE#         423
  C:1F86H         LINE#         425
  C:1F86H         LINE#         426
  C:1F8AH         LINE#         427
  C:1F93H         LINE#         428
  C:1F93H         LINE#         429
  C:1F93H         LINE#         430
  C:1F97H         LINE#         431
  C:1F97H         LINE#         432
  C:1F99H         LINE#         433
  C:1FA2H         LINE#         434
  C:1FA2H         LINE#         435
  C:1FA7H         LINE#         436
  C:1FABH         LINE#         437
  C:1FABH         LINE#         438
[...]


  C:20EBH         LINE#         518
  C:20F4H         LINE#         519
  C:20F7H         LINE#         520
  C:20F7H         LINE#         521
  C:2108H         LINE#         522
  C:2111H         LINE#         523
  C:2116H         LINE#         524
  C:211BH         LINE#         525
  C:2120H         LINE#         526
  C:2120H         LINE#         527
  C:2123H         LINE#         528
  C:2125H         LINE#         530
  C:2125H         LINE#         531
  C:212DH         LINE#         532
  C:212DH         LINE#         533
  C:2131H         LINE#         534
  C:2137H         LINE#         535
  C:2139H         LINE#         537
  C:2139H         LINE#         538
  C:213DH         LINE#         539
  C:2146H         LINE#         540
  C:2148H         LINE#         541
  C:2151H         LINE#         542
  C:2153H         LINE#         543
  C:2164H         LINE#         544
  C:2168H         LINE#         545
  C:2168H         LINE#         546
  C:216DH         LINE#         547
  C:216FH         LINE#         548
  C:2171H         LINE#         549
  C:217DH         LINE#         550
  C:2186H         LINE#         551
  C:2186H         LINE#         552
  C:2186H         LINE#         553
  C:2186H         LINE#         554
  C:2188H         LINE#         556
  C:2188H         LINE#         557
  C:218AH         LINE#         558
  C:218CH         LINE#         559
  C:218EH         LINE#         560
  C:218EH         LINE#         561
  C:2192H         LINE#         562
  C:2192H         LINE#         563
  C:2194H         LINE#         564
  C:2199H         LINE#         565
  C:2199H         LINE#         566
  C:2199H         LINE#         567
  C:219DH         LINE#         568
  C:219DH         LINE#         569
  C:21A1H         LINE#         570
  C:21A1H         LINE#         571
  C:21A3H         LINE#         572
  -------         ENDPROC       SD_CARD_INIT
  -------         PROC          RETURN_SD_CARD_TYPE
  C:3D9DH         LINE#         580
  C:3D9DH         LINE#         581
  C:3D9DH         LINE#         582
BL51 BANKED LINKER/LOCATER V6.22                                                      12/15/2015  16:41:45  PAGE 38


  C:3DA1H         LINE#         583
  -------         ENDPROC       RETURN_SD_CARD_TYPE
  -------         PROC          _PRINT_ERROR
  D:004EH         SYMBOL        error
  C:3AC7H         LINE#         592
  C:3AC9H         LINE#         593
  C:3AC9H         LINE#         594
  C:3AD6H         LINE#         595
  C:3AE3H         LINE#         596
  C:3AF0H         LINE#         597
  C:3AFDH         LINE#         598
  C:3B0AH         LINE#         599
  C:3B17H         LINE#         600
  C:3B24H         LINE#         601
  C:3B2BH         LINE#         602
  -------         ENDPROC       _PRINT_ERROR
  -------         ENDMOD        SDCARD

  -------         MODULE        SPI
  C:0000H         SYMBOL        _ICE_DUMMY_
  D:0080H         PUBLIC        P0
  D:0090H         PUBLIC        P1
  D:00A0H         PUBLIC        P2
  D:00B0H         PUBLIC        P3
  D:00C3H         PUBLIC        SPCON
  D:00C4H         PUBLIC        SPSTA
  D:00A8H         PUBLIC        IEN0
  D:00B8H         PUBLIC        IPL0
  C:3C85H         PUBLIC        _SPI_Transfer
  D:00D8H         PUBLIC        CCON
  C:37EBH         PUBLIC        _SPI_Master_Init
  D:0098H         PUBLIC        SCON
  D:0088H         PUBLIC        TCON
  C:3CB3H         PUBLIC        _SPI_Transfer_ISR
  D:00C8H         PUBLIC        T2CON
  D:00D0H         PUBLIC        PSW
  D:00C5H         PUBLIC        SPDAT
  -------         PROC          _SPI_MASTER_INIT
  D:0004H         SYMBOL        clock_rate
  -------         DO            
  D:0007H         SYMBOL        divider
  D:003CH         SYMBOL        return_val
  -------         ENDDO         
  C:37EBH         LINE#         15
  C:37EBH         LINE#         16
  C:37EBH         LINE#         18
  C:37EEH         LINE#         19
  C:3800H         LINE#         20
  C:3806H         LINE#         21
  C:3806H         LINE#         22
  C:3809H         LINE#         23
  C:380BH         LINE#         24
  C:3817H         LINE#         25
  C:3817H         LINE#         26
  C:381AH         LINE#         27
  C:381CH         LINE#         28
  C:3828H         LINE#         29
BL51 BANKED LINKER/LOCATER V6.22                                                      12/15/2015  16:41:45  PAGE 39


  C:3828H         LINE#         30
  C:382BH         LINE#         31
  C:382DH         LINE#         32
  C:3839H         LINE#         33
  C:3839H         LINE#         34
  C:383CH         LINE#         35
  C:383EH         LINE#         36
  C:384AH         LINE#         37
  C:384AH         LINE#         38
  C:384DH         LINE#         39
  C:384FH         LINE#         40
  C:385BH         LINE#         41
  C:385BH         LINE#         42
  C:385EH         LINE#         43
  C:3860H         LINE#         44
  C:386CH         LINE#         45
  C:386CH         LINE#         46
  C:386FH         LINE#         47
  C:3871H         LINE#         49
  C:3871H         LINE#         50
  C:3874H         LINE#         51
  C:3874H         LINE#         52
  C:3876H         LINE#         53
  -------         ENDPROC       _SPI_MASTER_INIT
  -------         PROC          _SPI_TRANSFER
  D:0007H         SYMBOL        data_input
  D:0001H         SYMBOL        data_output
  -------         DO            
  D:0007H         SYMBOL        test
  D:0006H         SYMBOL        timeout
  -------         ENDDO         
  C:3C85H         LINE#         64
  C:3C85H         LINE#         65
  C:3C85H         LINE#         67
  C:3C87H         LINE#         68
  C:3C89H         LINE#         70
  C:3C89H         LINE#         71
  C:3C8BH         LINE#         72
  C:3C8CH         LINE#         73
  C:3C94H         LINE#         74
  C:3C97H         LINE#         75
  C:3C97H         LINE#         76
  C:3C9CH         LINE#         77
  C:3C9CH         LINE#         78
  C:3C9EH         LINE#         79
  C:3C9EH         LINE#         80
  C:3CA0H         LINE#         82
  C:3CA0H         LINE#         83
  C:3CA5H         LINE#         84
  C:3CA7H         LINE#         85
  C:3CA7H         LINE#         86
  C:3CA9H         LINE#         88
  C:3CA9H         LINE#         89
  C:3CAEH         LINE#         90
  C:3CB0H         LINE#         91
  C:3CB0H         LINE#         92
  C:3CB2H         LINE#         93
BL51 BANKED LINKER/LOCATER V6.22                                                      12/15/2015  16:41:45  PAGE 40


  -------         ENDPROC       _SPI_TRANSFER
  -------         PROC          _SPI_TRANSFER_ISR
  D:0007H         SYMBOL        data_input
  D:0001H         SYMBOL        data_output
  -------         DO            
  D:0007H         SYMBOL        test
  D:0006H         SYMBOL        timeout
  -------         ENDDO         
  C:3CB3H         LINE#         95
  C:3CB3H         LINE#         96
  C:3CB3H         LINE#         98
  C:3CB5H         LINE#         99
  C:3CB7H         LINE#         101
  C:3CB7H         LINE#         102
  C:3CB9H         LINE#         103
  C:3CBAH         LINE#         104
  C:3CC2H         LINE#         105
  C:3CC5H         LINE#         106
  C:3CC5H         LINE#         107
  C:3CCAH         LINE#         108
  C:3CCAH         LINE#         109
  C:3CCCH         LINE#         110
  C:3CCCH         LINE#         111
  C:3CCEH         LINE#         113
  C:3CCEH         LINE#         114
  C:3CD3H         LINE#         115
  C:3CD5H         LINE#         116
  C:3CD5H         LINE#         117
  C:3CD7H         LINE#         119
  C:3CD7H         LINE#         120
  C:3CDCH         LINE#         121
  C:3CDEH         LINE#         122
  C:3CDEH         LINE#         123
  C:3CE0H         LINE#         124
  -------         ENDPROC       _SPI_TRANSFER_ISR
  -------         ENDMOD        SPI

  -------         MODULE        STA013_CONFIG
  C:0000H         SYMBOL        _ICE_DUMMY_
  D:0080H         PUBLIC        P0
  D:0090H         PUBLIC        P1
  D:00A0H         PUBLIC        P2
  D:00B0H         PUBLIC        P3
  D:00A8H         PUBLIC        IEN0
  C:241EH         PUBLIC        STA013_init
  D:00B8H         PUBLIC        IPL0
  B:00B0H.4       PUBLIC        P3_4
  D:00D8H         PUBLIC        CCON
  D:0098H         PUBLIC        SCON
  D:0088H         PUBLIC        TCON
  B:00A0H.6       PUBLIC        AMBERLED
  B:00B0H.2       PUBLIC        STA013_RESET
  D:00C8H         PUBLIC        T2CON
  D:00D0H         PUBLIC        PSW
  -------         PROC          STA013_INIT
  -------         DO            
  D:003CH         SYMBOL        error_flag
BL51 BANKED LINKER/LOCATER V6.22                                                      12/15/2015  16:41:45  PAGE 41


  D:003DH         SYMBOL        timeout
  I:0095H         SYMBOL        send
  I:0098H         SYMBOL        rcv
  D:003EH         SYMBOL        config_data_p
  D:0041H         SYMBOL        j
  C:303AH         SYMBOL        STA_cfg_addr
  C:304CH         SYMBOL        STA_cfg_data
  -------         ENDDO         
  C:241EH         LINE#         19
  C:241EH         LINE#         20
  C:241EH         LINE#         32
  C:2420H         LINE#         34
  C:2424H         LINE#         35
  C:2427H         LINE#         37
  C:2429H         LINE#         38
  C:242BH         LINE#         40
  C:242BH         LINE#         41
  C:243AH         LINE#         42
  C:243DH         LINE#         43
  C:243FH         LINE#         44
  C:2447H         LINE#         45
  C:244BH         LINE#         46
  C:244BH         LINE#         47
  C:244EH         LINE#         49
  C:244EH         LINE#         50
  C:245DH         LINE#         51
  C:245FH         LINE#         52
  C:2467H         LINE#         53
  C:246BH         LINE#         54
  C:246BH         LINE#         55
  C:2479H         LINE#         56
  C:2479H         LINE#         57
  C:2479H         LINE#         58
  C:247BH         LINE#         62
  C:2485H         LINE#         63
  C:2485H         LINE#         64
  C:2489H         LINE#         65
  C:2497H         LINE#         66
  C:24A6H         LINE#         67
  C:24B4H         LINE#         68
  C:24B9H         LINE#         69
  C:24C2H         LINE#         71
  C:24C2H         LINE#         72
  C:24D4H         LINE#         73
  C:24DCH         LINE#         74
  C:24E7H         LINE#         75
  C:24EFH         LINE#         76
  C:24F4H         LINE#         77
  C:24F4H         LINE#         79
  C:24F7H         LINE#         81
  C:24F7H         LINE#         82
  C:2506H         LINE#         83
  C:2509H         LINE#         84
  C:250BH         LINE#         85
  C:2513H         LINE#         86
  C:2513H         LINE#         87
  C:251DH         LINE#         88
BL51 BANKED LINKER/LOCATER V6.22                                                      12/15/2015  16:41:45  PAGE 42


  C:2526H         LINE#         89
  C:253AH         LINE#         90
  C:253FH         LINE#         91
  C:2548H         LINE#         93
  C:2548H         LINE#         94
  C:255AH         LINE#         95
  C:2562H         LINE#         96
  C:256DH         LINE#         97
  C:2575H         LINE#         98
  C:257AH         LINE#         99
  C:257AH         LINE#         100
  C:257DH         LINE#         102
  C:257DH         LINE#         103
  C:258CH         LINE#         104
  C:258FH         LINE#         105
  C:2591H         LINE#         106
  C:2599H         LINE#         107
  C:2599H         LINE#         108
  C:25A3H         LINE#         109
  C:25A7H         LINE#         110
  C:25B6H         LINE#         111
  C:25C5H         LINE#         112
  C:25D3H         LINE#         114
  C:25D8H         LINE#         115
  C:25D8H         LINE#         116
  C:25E9H         LINE#         117
  C:25F9H         LINE#         118
  C:25FCH         LINE#         120
  C:25FCH         LINE#         121
  C:260BH         LINE#         122
  C:260EH         LINE#         123
  C:2610H         LINE#         124
  C:2618H         LINE#         125
  C:262AH         LINE#         126
  C:2639H         LINE#         127
  C:2648H         LINE#         128
  C:265EH         LINE#         129
  C:2672H         LINE#         130
  C:267BH         LINE#         131
  C:267BH         LINE#         132
  C:267DH         LINE#         133
  -------         ENDPROC       STA013_INIT
  -------         ENDMOD        STA013_CONFIG

  -------         MODULE        UART
  C:0000H         SYMBOL        _ICE_DUMMY_
  D:0080H         PUBLIC        P0
  D:0090H         PUBLIC        P1
  D:00A0H         PUBLIC        P2
  D:00B0H         PUBLIC        P3
  D:00A8H         PUBLIC        IEN0
  D:00B8H         PUBLIC        IPL0
  B:00A8H.4       PUBLIC        ES
  B:0098H.1       PUBLIC        TI
  D:00D8H         PUBLIC        CCON
  D:0087H         PUBLIC        PCON
  D:0098H         PUBLIC        SCON
BL51 BANKED LINKER/LOCATER V6.22                                                      12/15/2015  16:41:45  PAGE 43


  D:0088H         PUBLIC        TCON
  D:009BH         PUBLIC        BDRCON
  C:3D12H         PUBLIC        uart_init
  D:009AH         PUBLIC        BRL
  D:00C8H         PUBLIC        T2CON
  D:00D0H         PUBLIC        PSW
  -------         PROC          UART_INIT
  C:3D12H         LINE#         13
  C:3D12H         LINE#         14
  C:3D12H         LINE#         18
  C:3D12H         LINE#         19
  C:3D15H         LINE#         20
  C:3D18H         LINE#         23
  C:3D1BH         LINE#         24
  C:3D1EH         LINE#         25
  C:3D21H         LINE#         29
  C:3D23H         LINE#         32
  C:3D25H         LINE#         35
  -------         ENDPROC       UART_INIT
  -------         ENDMOD        UART

  -------         MODULE        CONFIG
  C:002EH         SEGMENT       STA013_CONFIG
  C:002EH         PUBLIC        CONFIG
  C:0FCCH         PUBLIC        CONFIG2
  -------         ENDMOD        CONFIG

  -------         MODULE        ?C?CLDPTR
  C:0FFEH         PUBLIC        ?C?CLDPTR
  -------         ENDMOD        ?C?CLDPTR

  -------         MODULE        ?C?CLDOPTR
  C:1017H         PUBLIC        ?C?CLDOPTR
  -------         ENDMOD        ?C?CLDOPTR

  -------         MODULE        ?C?CILDOPTR
  C:1044H         PUBLIC        ?C?CILDOPTR
  -------         ENDMOD        ?C?CILDOPTR

  -------         MODULE        ?C?CSTPTR
  C:1077H         PUBLIC        ?C?CSTPTR
  -------         ENDMOD        ?C?CSTPTR

  -------         MODULE        ?C?CSTOPTR
  C:1089H         PUBLIC        ?C?CSTOPTR
  -------         ENDMOD        ?C?CSTOPTR

  -------         MODULE        ?C?UIDIV
  C:10ABH         PUBLIC        ?C?UIDIV
  -------         ENDMOD        ?C?UIDIV

  -------         MODULE        ?C?ILDOPTR
  C:1100H         PUBLIC        ?C?ILDOPTR
  -------         ENDMOD        ?C?ILDOPTR

  -------         MODULE        ?C?ISTOPTR
  C:1138H         PUBLIC        ?C?ISTOPTR
BL51 BANKED LINKER/LOCATER V6.22                                                      12/15/2015  16:41:45  PAGE 44


  -------         ENDMOD        ?C?ISTOPTR

  -------         MODULE        ?C?LMUL
  C:1165H         PUBLIC        ?C?LMUL
  -------         ENDMOD        ?C?LMUL

  -------         MODULE        ?C?ULDIV
  C:11F0H         PUBLIC        ?C?ULDIV
  -------         ENDMOD        ?C?ULDIV

  -------         MODULE        ?C?SLCMP
  C:1282H         PUBLIC        ?C?SLCMP
  -------         ENDMOD        ?C?SLCMP

  -------         MODULE        ?C?ULCMP
  C:1298H         PUBLIC        ?C?ULCMP
  -------         ENDMOD        ?C?ULCMP

  -------         MODULE        ?C?ULSHR
  C:12A9H         PUBLIC        ?C?ULSHR
  -------         ENDMOD        ?C?ULSHR

  -------         MODULE        ?C?LSHL
  C:12BCH         PUBLIC        ?C?LSHL
  -------         ENDMOD        ?C?LSHL

  -------         MODULE        ?C?LLDOPTR
  C:12CFH         PUBLIC        ?C?LLDOPTR
  -------         ENDMOD        ?C?LLDOPTR

  -------         MODULE        ?C?LSTOPTR
  C:12FFH         PUBLIC        ?C?LSTOPTR
  -------         ENDMOD        ?C?LSTOPTR

  -------         MODULE        ?C?LLDIDATA
  C:1323H         PUBLIC        ?C?LLDIDATA
  -------         ENDMOD        ?C?LLDIDATA

  -------         MODULE        ?C?LLDIDATA0
  C:132FH         PUBLIC        ?C?LLDIDATA0
  -------         ENDMOD        ?C?LLDIDATA0

  -------         MODULE        ?C?LLDOPTR0
  C:133CH         PUBLIC        ?C?LLDOPTR0
  -------         ENDMOD        ?C?LLDOPTR0

  -------         MODULE        ?C?LSTIDATA
  C:136CH         PUBLIC        ?C?LSTIDATA
  -------         ENDMOD        ?C?LSTIDATA

  -------         MODULE        ?C?LSTKIDATA
  C:1378H         PUBLIC        ?C?LSTKIDATA
  -------         ENDMOD        ?C?LSTKIDATA

  -------         MODULE        PUTCHAR
  C:0003H         PUBLIC        _PUTCHAR
  -------         ENDMOD        PUTCHAR
BL51 BANKED LINKER/LOCATER V6.22                                                      12/15/2015  16:41:45  PAGE 45



  -------         MODULE        PRINTF
  D:0061H         PUBLIC        ?_PRINTF517?BYTE
  D:0061H         PUBLIC        ?_PRINTF?BYTE
  D:0061H         PUBLIC        ?_SPRINTF517?BYTE
  D:0061H         PUBLIC        ?_SPRINTF?BYTE
  C:1835H         PUBLIC        _PRINTF
  C:1835H         PUBLIC        _PRINTF517
  C:182FH         PUBLIC        _SPRINTF
  C:182FH         PUBLIC        _SPRINTF517
  -------         ENDMOD        PRINTF

  -------         MODULE        GETCHAR
  B:0021H.1       PUBLIC        ?C?CHARLOADED
  D:0008H         PUBLIC        ?_UNGETCHAR?BYTE
  C:3D4CH         PUBLIC        GETCHAR
  -------         ENDMOD        GETCHAR

  -------         MODULE        ATOL
  C:3457H         PUBLIC        _atol
  -------         ENDMOD        ATOL

  -------         MODULE        ?C?LNEG
  C:1391H         PUBLIC        ?C?LNEG
  -------         ENDMOD        ?C?LNEG

  -------         MODULE        ?C?LLDXDATA
  C:139FH         PUBLIC        ?C?LLDXDATA
  -------         ENDMOD        ?C?LLDXDATA

  -------         MODULE        ?C?LLDPDATA
  C:13ABH         PUBLIC        ?C?LLDPDATA
  -------         ENDMOD        ?C?LLDPDATA

  -------         MODULE        ?C?LLDCODE
  C:13B7H         PUBLIC        ?C?LLDCODE
  -------         ENDMOD        ?C?LLDCODE

  -------         MODULE        ?C?LLDXDATA0
  C:13C7H         PUBLIC        ?C?LLDXDATA0
  -------         ENDMOD        ?C?LLDXDATA0

  -------         MODULE        ?C?LLDPDATA0
  C:13D3H         PUBLIC        ?C?LLDPDATA0
  -------         ENDMOD        ?C?LLDPDATA0

  -------         MODULE        ?C?LLDCODE0
  C:13E0H         PUBLIC        ?C?LLDCODE0
  -------         ENDMOD        ?C?LLDCODE0

  -------         MODULE        ?C?LSTXDATA
  C:13F0H         PUBLIC        ?C?LSTXDATA
  -------         ENDMOD        ?C?LSTXDATA

  -------         MODULE        ?C?LSTPDATA
  C:13FCH         PUBLIC        ?C?LSTPDATA
  -------         ENDMOD        ?C?LSTPDATA
BL51 BANKED LINKER/LOCATER V6.22                                                      12/15/2015  16:41:45  PAGE 46



  -------         MODULE        ?C?PLDIIDATA
  C:1408H         PUBLIC        ?C?PLDIIDATA
  -------         ENDMOD        ?C?PLDIIDATA

  -------         MODULE        ?C?CCASE
  C:1418H         PUBLIC        ?C?CCASE
  -------         ENDMOD        ?C?CCASE

  -------         MODULE        _GETKEY
  C:3D85H         PUBLIC        _GETKEY
  -------         ENDMOD        _GETKEY

  -------         MODULE        ISDIGIT
  C:3D5DH         PUBLIC        _isdigit
  -------         ENDMOD        ISDIGIT

  -------         MODULE        ISSPACE
  C:3D39H         PUBLIC        _isspace
  -------         ENDMOD        ISSPACE

Program Size: data=185.2 xdata=1024 code=15777
LINK/LOCATE RUN COMPLETE.  0 WARNING(S),  0 ERROR(S)
