C51 COMPILER V9.53.0.0   READ_SECTOR                                                       12/17/2015 20:55:29 PAGE 1   


C51 COMPILER V9.53.0.0, COMPILATION OF MODULE READ_SECTOR
OBJECT MODULE PLACED IN Read_Sector.OBJ
COMPILER INVOKED BY: C:\Keil_v5\C51\BIN\C51.EXE Read_Sector.c OPTIMIZE(8,SPEED) BROWSE DEBUG OBJECTEXTEND TABS(2)

line level    source

   1          //***********************************      Read_Sector.c      ***********************************//
   2          
   3          
   4          #include "Main.H"
   5          #include "PORT.H"
   6          #include "SD_Card.h"
   7          #include "Read_Sector.h"
   8          #include "stdio.h"
   9          
  10          
  11          
  12          
  13          uint8_t Read_Sector(uint32_t sector_number, uint16_t sector_size, uint8_t * array_for_data)
  14          {
  15   1        uint8_t SDtype,error_flag=No_Disk_Error;   
  16   1      
  17   1        SDtype=Return_SD_Card_Type();
  18   1        nCS0=0;
  19   1          error_flag=SEND_COMMAND(17,(sector_number<<SDtype));
  20   1          if(error_flag==no_errors) error_flag=read_block(sector_size,array_for_data);
  21   1          nCS0=1;
  22   1      
  23   1        if(error_flag!=no_errors)
  24   1        {
  25   2             error_flag=Disk_Error;
  26   2          }
  27   1          return error_flag;
  28   1      }
  29          
  30          uint8_t Read_Sector_ISR(uint32_t sector_number, uint16_t sector_size, uint8_t * array_for_data)
  31          {
  32   1        uint8_t idata SDtype,error_flag=No_Disk_Error;   
  33   1      
  34   1        SDtype=Return_SD_Card_Type();
  35   1        nCS0=0;
  36   1          error_flag=SEND_COMMAND_ISR(17,(sector_number<<SDtype));
  37   1          if(error_flag==no_errors) error_flag=read_block_ISR(sector_size,array_for_data);
  38   1          nCS0=1;
  39   1      
  40   1        if(error_flag!=no_errors)
  41   1        {
  42   2             error_flag=Disk_Error;
  43   2          }
  44   1          return error_flag;
  45   1      }


MODULE INFORMATION:   STATIC OVERLAYABLE
   CODE SIZE        =    152    ----
   CONSTANT SIZE    =   ----    ----
   XDATA SIZE       =   ----    ----
   PDATA SIZE       =   ----    ----
   DATA SIZE        =   ----      18
   IDATA SIZE       =   ----       2
   BIT SIZE         =   ----    ----
C51 COMPILER V9.53.0.0   READ_SECTOR                                                       12/17/2015 20:55:29 PAGE 2   

END OF MODULE INFORMATION.


C51 COMPILATION COMPLETE.  0 WARNING(S),  0 ERROR(S)
